

================================================================
== Vivado HLS Report for 'pqcrystals_fips202_ref_sha3_256'
================================================================
* Date:           Mon Apr 12 12:28:40 2021

* Version:        2018.3 (Build 2405991 on Thu Dec 06 23:56:15 MST 2018)
* Project:        SHA
* Solution:       NDT_pip_
* Product family: artix7l
* Target device:  xc7a75tlftg256-2l


================================================================
== Performance Estimates
================================================================
+ Timing (ns): 
    * Summary: 
    +--------+-------+----------+------------+
    |  Clock | Target| Estimated| Uncertainty|
    +--------+-------+----------+------------+
    |ap_clk  |  10.00|     7.440|        1.25|
    +--------+-------+----------+------------+

+ Latency (clock cycles): 
    * Summary: 
    +-----+-----+-----+-----+---------+
    |  Latency  |  Interval | Pipeline|
    | min | max | min | max |   Type  |
    +-----+-----+-----+-----+---------+
    |  876|  876|  876|  876|   none  |
    +-----+-----+-----+-----+---------+

    + Detail: 
        * Instance: 
        +---------------------------------+----------------------+-----+-----+-----+-----+---------+
        |                                 |                      |  Latency  |  Interval | Pipeline|
        |             Instance            |        Module        | min | max | min | max |   Type  |
        +---------------------------------+----------------------+-----+-----+-----+-----+---------+
        |grp_KeccakF1600_StatePer_fu_147  |KeccakF1600_StatePer  |   62|   62|   62|   62|   none  |
        |grp_keccak_absorb_fu_154         |keccak_absorb         |  558|  558|  558|  558|   none  |
        +---------------------------------+----------------------+-----+-----+-----+-----+---------+

        * Loop: 
        +------------------------------------------+-----+-----+----------+-----------+-----------+------+----------+
        |                                          |  Latency  | Iteration|  Initiation Interval  | Trip |          |
        |                 Loop Name                | min | max |  Latency |  achieved |   target  | Count| Pipelined|
        +------------------------------------------+-----+-----+----------+-----------+-----------+------+----------+
        |- Loop 1                                  |  187|  187|        11|          -|          -|    17|    no    |
        | + store64_label1                         |    8|    8|         1|          -|          -|     8|    no    |
        |- pqcrystals_fips202_ref_sha3_256_label2  |   64|   64|         2|          -|          -|    32|    no    |
        +------------------------------------------+-----+-----+----------+-----------+-----------+------+----------+

============================================================
+ Verbose Summary: Synthesis Manager
============================================================
InlineROM: 1
ExposeGlobal: 0
============================================================
+ Verbose Summary: CDFG Model
============================================================
IsTopModel: 1
ResetActiveHigh: 1
IsCombinational: 0
IsDatapathOnly: 0
HasWiredReturn: 1
HasMFsm: 0
HasVarLatency: 1
IsPipeline: 0
IsRtlPipelined: 0
IsInstanceOverlapped: 0
IsDontTouch: 0
HasImplIP: 0
IsGatedGlobalClock: 0


============================================================
+ Verbose Summary: Schedule
============================================================
* Number of FSM states : 9
* Pipeline : 0
* Dataflow Pipeline: 0

* FSM state transitions: 
1 --> 
	2  / true
2 --> 
	3  / true
3 --> 
	4  / true
4 --> 
	5  / true
5 --> 
	6  / (!tmp_i)
	8  / (tmp_i)
6 --> 
	7  / true
7 --> 
	7  / (!exitcond_i_i)
	5  / (exitcond_i_i)
8 --> 
	9  / (!exitcond)
9 --> 
	8  / true

* FSM state operations: 

State 1 <SV = 0> <Delay = 2.77>
ST_1 : Operation 10 [1/1] (2.77ns)   --->   "%s = alloca [25 x i64], align 16" [fips202.c:563]   --->   Operation 10 'alloca' 's' <Predicate = true> <Delay = 2.77> <Core = "RAM">   --->   Core 37 'RAM' <Latency = 1> <II = 1> <Delay = 2.77> <Storage> <Opcode : 'load' 'store'> <Ports = 2> <Width = 8> <Depth = 136> <RAM>
ST_1 : Operation 11 [1/1] (2.77ns)   --->   "%out_assign = alloca [136 x i8], align 16"   --->   Operation 11 'alloca' 'out_assign' <Predicate = true> <Delay = 2.77> <Core = "RAM">   --->   Core 37 'RAM' <Latency = 1> <II = 1> <Delay = 2.77> <Storage> <Opcode : 'load' 'store'> <Ports = 2> <Width = 8> <Depth = 136> <RAM>
ST_1 : Operation 12 [2/2] (0.00ns)   --->   "call fastcc void @keccak_absorb([25 x i64]* %s, [3 x i8]* %in_r) nounwind" [fips202.c:566]   --->   Operation 12 'call' <Predicate = true> <Delay = 0.00> <CoreType = "Generic">   --->   Core 0 '' <Latency = 0> <II = 1> <Delay = 1.00> <Generic> <Opcode : >

State 2 <SV = 1> <Delay = 0.00>
ST_2 : Operation 13 [1/2] (0.00ns)   --->   "call fastcc void @keccak_absorb([25 x i64]* %s, [3 x i8]* %in_r) nounwind" [fips202.c:566]   --->   Operation 13 'call' <Predicate = true> <Delay = 0.00> <CoreType = "Generic">   --->   Core 0 '' <Latency = 0> <II = 1> <Delay = 1.00> <Generic> <Opcode : >

State 3 <SV = 2> <Delay = 0.00>
ST_3 : Operation 14 [2/2] (0.00ns)   --->   "call fastcc void @KeccakF1600_StatePer([25 x i64]* %s) nounwind" [fips202.c:417->fips202.c:567]   --->   Operation 14 'call' <Predicate = true> <Delay = 0.00> <CoreType = "Generic">   --->   Core 0 '' <Latency = 0> <II = 1> <Delay = 1.00> <Generic> <Opcode : >

State 4 <SV = 3> <Delay = 1.35>
ST_4 : Operation 15 [1/1] (0.00ns)   --->   "call void (...)* @_ssdm_op_SpecBitsMap([32 x i8]* %h) nounwind, !map !54"   --->   Operation 15 'specbitsmap' <Predicate = true> <Delay = 0.00>
ST_4 : Operation 16 [1/1] (0.00ns)   --->   "call void (...)* @_ssdm_op_SpecBitsMap([3 x i8]* %in_r) nounwind, !map !60"   --->   Operation 16 'specbitsmap' <Predicate = true> <Delay = 0.00>
ST_4 : Operation 17 [1/1] (0.00ns)   --->   "call void (...)* @_ssdm_op_SpecBitsMap(i64 %inlen) nounwind, !map !66"   --->   Operation 17 'specbitsmap' <Predicate = true> <Delay = 0.00>
ST_4 : Operation 18 [1/1] (0.00ns)   --->   "call void (...)* @_ssdm_op_SpecTopModule([32 x i8]* @pqcrystals_fips202_r) nounwind"   --->   Operation 18 'spectopmodule' <Predicate = true> <Delay = 0.00>
ST_4 : Operation 19 [1/2] (0.00ns)   --->   "call fastcc void @KeccakF1600_StatePer([25 x i64]* %s) nounwind" [fips202.c:417->fips202.c:567]   --->   Operation 19 'call' <Predicate = true> <Delay = 0.00> <CoreType = "Generic">   --->   Core 0 '' <Latency = 0> <II = 1> <Delay = 1.00> <Generic> <Opcode : >
ST_4 : Operation 20 [1/1] (1.35ns)   --->   "br label %store64.exit.i" [fips202.c:418->fips202.c:567]   --->   Operation 20 'br' <Predicate = true> <Delay = 1.35>

State 5 <SV = 4> <Delay = 2.77>
ST_5 : Operation 21 [1/1] (0.00ns)   --->   "%i_i = phi i5 [ 0, %0 ], [ %i_4_i, %store64.exit.i.loopexit ]" [fips202.c:418->fips202.c:567]   --->   Operation 21 'phi' 'i_i' <Predicate = true> <Delay = 0.00>
ST_5 : Operation 22 [1/1] (1.21ns)   --->   "%tmp_i = icmp eq i5 %i_i, -15" [fips202.c:418->fips202.c:567]   --->   Operation 22 'icmp' 'tmp_i' <Predicate = true> <Delay = 1.21> <Core = "Cmp">   --->   Core 25 'Cmp' <Latency = 0> <II = 1> <Delay = 1.22> <FuncUnit> <Opcode : 'icmp'> <InPorts = 2> <OutPorts = 1>
ST_5 : Operation 23 [1/1] (0.00ns)   --->   "%empty = call i32 (...)* @_ssdm_op_SpecLoopTripCount(i64 17, i64 17, i64 17) nounwind"   --->   Operation 23 'speclooptripcount' 'empty' <Predicate = true> <Delay = 0.00>
ST_5 : Operation 24 [1/1] (1.54ns)   --->   "%i_4_i = add i5 %i_i, 1" [fips202.c:418->fips202.c:567]   --->   Operation 24 'add' 'i_4_i' <Predicate = true> <Delay = 1.54> <Core = "AddSub">   --->   Core 14 'AddSub' <Latency = 0> <II = 1> <Delay = 1.60> <FuncUnit> <Opcode : 'add' 'sub'> <InPorts = 2> <OutPorts = 1>
ST_5 : Operation 25 [1/1] (0.00ns)   --->   "br i1 %tmp_i, label %keccak_squeezeblocks.exit.preheader, label %1" [fips202.c:418->fips202.c:567]   --->   Operation 25 'br' <Predicate = true> <Delay = 0.00>
ST_5 : Operation 26 [1/1] (0.00ns)   --->   "%tmp_6_i = zext i5 %i_i to i64" [fips202.c:420->fips202.c:567]   --->   Operation 26 'zext' 'tmp_6_i' <Predicate = (!tmp_i)> <Delay = 0.00>
ST_5 : Operation 27 [1/1] (0.00ns)   --->   "%s_addr = getelementptr [25 x i64]* %s, i64 0, i64 %tmp_6_i" [fips202.c:420->fips202.c:567]   --->   Operation 27 'getelementptr' 's_addr' <Predicate = (!tmp_i)> <Delay = 0.00>
ST_5 : Operation 28 [2/2] (2.77ns)   --->   "%s_load = load i64* %s_addr, align 8" [fips202.c:420->fips202.c:567]   --->   Operation 28 'load' 's_load' <Predicate = (!tmp_i)> <Delay = 2.77> <Core = "RAM">   --->   Core 37 'RAM' <Latency = 1> <II = 1> <Delay = 2.77> <Storage> <Opcode : 'load' 'store'> <Ports = 2> <Width = 8> <Depth = 136> <RAM>
ST_5 : Operation 29 [1/1] (1.35ns)   --->   "br label %keccak_squeezeblocks.exit" [fips202.c:569]   --->   Operation 29 'br' <Predicate = (tmp_i)> <Delay = 1.35>

State 6 <SV = 5> <Delay = 2.77>
ST_6 : Operation 30 [1/1] (0.00ns)   --->   "%tmp_4_i = call i8 @_ssdm_op_BitConcatenate.i8.i5.i3(i5 %i_i, i3 0)" [fips202.c:420->fips202.c:567]   --->   Operation 30 'bitconcatenate' 'tmp_4_i' <Predicate = true> <Delay = 0.00>
ST_6 : Operation 31 [1/2] (2.77ns)   --->   "%s_load = load i64* %s_addr, align 8" [fips202.c:420->fips202.c:567]   --->   Operation 31 'load' 's_load' <Predicate = true> <Delay = 2.77> <Core = "RAM">   --->   Core 37 'RAM' <Latency = 1> <II = 1> <Delay = 2.77> <Storage> <Opcode : 'load' 'store'> <Ports = 2> <Width = 8> <Depth = 136> <RAM>
ST_6 : Operation 32 [1/1] (1.35ns)   --->   "br label %2" [fips202.c:45->fips202.c:420->fips202.c:567]   --->   Operation 32 'br' <Predicate = true> <Delay = 1.35>

State 7 <SV = 6> <Delay = 6.24>
ST_7 : Operation 33 [1/1] (0.00ns)   --->   "%i_i_i = phi i4 [ 0, %1 ], [ %i_2, %3 ]"   --->   Operation 33 'phi' 'i_i_i' <Predicate = true> <Delay = 0.00>
ST_7 : Operation 34 [1/1] (1.21ns)   --->   "%exitcond_i_i = icmp eq i4 %i_i_i, -8" [fips202.c:45->fips202.c:420->fips202.c:567]   --->   Operation 34 'icmp' 'exitcond_i_i' <Predicate = true> <Delay = 1.21> <Core = "Cmp">   --->   Core 25 'Cmp' <Latency = 0> <II = 1> <Delay = 1.22> <FuncUnit> <Opcode : 'icmp'> <InPorts = 2> <OutPorts = 1>
ST_7 : Operation 35 [1/1] (0.00ns)   --->   "%empty_5 = call i32 (...)* @_ssdm_op_SpecLoopTripCount(i64 8, i64 8, i64 8) nounwind"   --->   Operation 35 'speclooptripcount' 'empty_5' <Predicate = true> <Delay = 0.00>
ST_7 : Operation 36 [1/1] (1.49ns)   --->   "%i_2 = add i4 %i_i_i, 1" [fips202.c:45->fips202.c:420->fips202.c:567]   --->   Operation 36 'add' 'i_2' <Predicate = true> <Delay = 1.49> <Core = "AddSub">   --->   Core 14 'AddSub' <Latency = 0> <II = 1> <Delay = 1.60> <FuncUnit> <Opcode : 'add' 'sub'> <InPorts = 2> <OutPorts = 1>
ST_7 : Operation 37 [1/1] (0.00ns)   --->   "br i1 %exitcond_i_i, label %store64.exit.i.loopexit, label %3" [fips202.c:45->fips202.c:420->fips202.c:567]   --->   Operation 37 'br' <Predicate = true> <Delay = 0.00>
ST_7 : Operation 38 [1/1] (0.00ns)   --->   "call void (...)* @_ssdm_op_SpecLoopName([15 x i8]* @p_str1) nounwind" [fips202.c:46->fips202.c:420->fips202.c:567]   --->   Operation 38 'specloopname' <Predicate = (!exitcond_i_i)> <Delay = 0.00>
ST_7 : Operation 39 [1/1] (0.00ns)   --->   "%tmp_1 = trunc i4 %i_i_i to i3" [fips202.c:45->fips202.c:420->fips202.c:567]   --->   Operation 39 'trunc' 'tmp_1' <Predicate = (!exitcond_i_i)> <Delay = 0.00>
ST_7 : Operation 40 [1/1] (0.00ns)   --->   "%tmp_1_i_i = call i6 @_ssdm_op_BitConcatenate.i6.i3.i3(i3 %tmp_1, i3 0)" [fips202.c:46->fips202.c:420->fips202.c:567]   --->   Operation 40 'bitconcatenate' 'tmp_1_i_i' <Predicate = (!exitcond_i_i)> <Delay = 0.00>
ST_7 : Operation 41 [1/1] (0.00ns)   --->   "%tmp_2_i_i = zext i6 %tmp_1_i_i to i64" [fips202.c:46->fips202.c:420->fips202.c:567]   --->   Operation 41 'zext' 'tmp_2_i_i' <Predicate = (!exitcond_i_i)> <Delay = 0.00>
ST_7 : Operation 42 [1/1] (3.47ns)   --->   "%tmp_3_i_i = lshr i64 %s_load, %tmp_2_i_i" [fips202.c:46->fips202.c:420->fips202.c:567]   --->   Operation 42 'lshr' 'tmp_3_i_i' <Predicate = (!exitcond_i_i)> <Delay = 3.47> <Core = "Shift">   --->   Core 28 'Shift' <Latency = 0> <II = 1> <Delay = 3.47> <FuncUnit> <Opcode : 'shl' 'lshr' 'ashr'> <InPorts = 2> <OutPorts = 1>
ST_7 : Operation 43 [1/1] (0.00ns)   --->   "%tmp_2 = trunc i64 %tmp_3_i_i to i8" [fips202.c:46->fips202.c:420->fips202.c:567]   --->   Operation 43 'trunc' 'tmp_2' <Predicate = (!exitcond_i_i)> <Delay = 0.00>
ST_7 : Operation 44 [1/1] (0.00ns)   --->   "%tmp_5_i_i_cast = zext i4 %i_i_i to i8" [fips202.c:46->fips202.c:420->fips202.c:567]   --->   Operation 44 'zext' 'tmp_5_i_i_cast' <Predicate = (!exitcond_i_i)> <Delay = 0.00>
ST_7 : Operation 45 [1/1] (1.71ns)   --->   "%sum_i_i = add i8 %tmp_5_i_i_cast, %tmp_4_i" [fips202.c:46->fips202.c:420->fips202.c:567]   --->   Operation 45 'add' 'sum_i_i' <Predicate = (!exitcond_i_i)> <Delay = 1.71> <Core = "AddSub">   --->   Core 14 'AddSub' <Latency = 0> <II = 1> <Delay = 1.60> <FuncUnit> <Opcode : 'add' 'sub'> <InPorts = 2> <OutPorts = 1>
ST_7 : Operation 46 [1/1] (0.00ns)   --->   "%sum_i_i_cast = zext i8 %sum_i_i to i64" [fips202.c:46->fips202.c:420->fips202.c:567]   --->   Operation 46 'zext' 'sum_i_i_cast' <Predicate = (!exitcond_i_i)> <Delay = 0.00>
ST_7 : Operation 47 [1/1] (0.00ns)   --->   "%out_assign_addr_1 = getelementptr [136 x i8]* %out_assign, i64 0, i64 %sum_i_i_cast" [fips202.c:46->fips202.c:420->fips202.c:567]   --->   Operation 47 'getelementptr' 'out_assign_addr_1' <Predicate = (!exitcond_i_i)> <Delay = 0.00>
ST_7 : Operation 48 [1/1] (2.77ns)   --->   "store i8 %tmp_2, i8* %out_assign_addr_1, align 1" [fips202.c:46->fips202.c:420->fips202.c:567]   --->   Operation 48 'store' <Predicate = (!exitcond_i_i)> <Delay = 2.77> <Core = "RAM">   --->   Core 37 'RAM' <Latency = 1> <II = 1> <Delay = 2.77> <Storage> <Opcode : 'load' 'store'> <Ports = 2> <Width = 8> <Depth = 136> <RAM>
ST_7 : Operation 49 [1/1] (0.00ns)   --->   "br label %2" [fips202.c:45->fips202.c:420->fips202.c:567]   --->   Operation 49 'br' <Predicate = (!exitcond_i_i)> <Delay = 0.00>
ST_7 : Operation 50 [1/1] (0.00ns)   --->   "br label %store64.exit.i"   --->   Operation 50 'br' <Predicate = (exitcond_i_i)> <Delay = 0.00>

State 8 <SV = 5> <Delay = 2.77>
ST_8 : Operation 51 [1/1] (0.00ns)   --->   "%i = phi i6 [ %i_1, %4 ], [ 0, %keccak_squeezeblocks.exit.preheader ]"   --->   Operation 51 'phi' 'i' <Predicate = true> <Delay = 0.00>
ST_8 : Operation 52 [1/1] (1.22ns)   --->   "%exitcond = icmp eq i6 %i, -32" [fips202.c:569]   --->   Operation 52 'icmp' 'exitcond' <Predicate = true> <Delay = 1.22> <Core = "Cmp">   --->   Core 25 'Cmp' <Latency = 0> <II = 1> <Delay = 1.22> <FuncUnit> <Opcode : 'icmp'> <InPorts = 2> <OutPorts = 1>
ST_8 : Operation 53 [1/1] (0.00ns)   --->   "%empty_6 = call i32 (...)* @_ssdm_op_SpecLoopTripCount(i64 32, i64 32, i64 32) nounwind"   --->   Operation 53 'speclooptripcount' 'empty_6' <Predicate = true> <Delay = 0.00>
ST_8 : Operation 54 [1/1] (1.60ns)   --->   "%i_1 = add i6 %i, 1" [fips202.c:569]   --->   Operation 54 'add' 'i_1' <Predicate = true> <Delay = 1.60> <Core = "AddSub">   --->   Core 14 'AddSub' <Latency = 0> <II = 1> <Delay = 1.60> <FuncUnit> <Opcode : 'add' 'sub'> <InPorts = 2> <OutPorts = 1>
ST_8 : Operation 55 [1/1] (0.00ns)   --->   "br i1 %exitcond, label %5, label %4" [fips202.c:569]   --->   Operation 55 'br' <Predicate = true> <Delay = 0.00>
ST_8 : Operation 56 [1/1] (0.00ns)   --->   "%tmp = zext i6 %i to i64" [fips202.c:570]   --->   Operation 56 'zext' 'tmp' <Predicate = (!exitcond)> <Delay = 0.00>
ST_8 : Operation 57 [1/1] (0.00ns)   --->   "%out_assign_addr = getelementptr inbounds [136 x i8]* %out_assign, i64 0, i64 %tmp" [fips202.c:570]   --->   Operation 57 'getelementptr' 'out_assign_addr' <Predicate = (!exitcond)> <Delay = 0.00>
ST_8 : Operation 58 [2/2] (2.77ns)   --->   "%out_assign_load = load i8* %out_assign_addr, align 1" [fips202.c:570]   --->   Operation 58 'load' 'out_assign_load' <Predicate = (!exitcond)> <Delay = 2.77> <Core = "RAM">   --->   Core 37 'RAM' <Latency = 1> <II = 1> <Delay = 2.77> <Storage> <Opcode : 'load' 'store'> <Ports = 2> <Width = 8> <Depth = 136> <RAM>
ST_8 : Operation 59 [1/1] (0.00ns)   --->   "ret void" [fips202.c:571]   --->   Operation 59 'ret' <Predicate = (exitcond)> <Delay = 0.00>

State 9 <SV = 6> <Delay = 4.52>
ST_9 : Operation 60 [1/1] (0.00ns)   --->   "call void (...)* @_ssdm_op_SpecLoopName([39 x i8]* @p_str) nounwind" [fips202.c:570]   --->   Operation 60 'specloopname' <Predicate = true> <Delay = 0.00>
ST_9 : Operation 61 [1/2] (2.77ns)   --->   "%out_assign_load = load i8* %out_assign_addr, align 1" [fips202.c:570]   --->   Operation 61 'load' 'out_assign_load' <Predicate = true> <Delay = 2.77> <Core = "RAM">   --->   Core 37 'RAM' <Latency = 1> <II = 1> <Delay = 2.77> <Storage> <Opcode : 'load' 'store'> <Ports = 2> <Width = 8> <Depth = 136> <RAM>
ST_9 : Operation 62 [1/1] (0.00ns)   --->   "%h_addr = getelementptr [32 x i8]* %h, i64 0, i64 %tmp" [fips202.c:570]   --->   Operation 62 'getelementptr' 'h_addr' <Predicate = true> <Delay = 0.00>
ST_9 : Operation 63 [1/1] (1.75ns)   --->   "store i8 %out_assign_load, i8* %h_addr, align 1" [fips202.c:570]   --->   Operation 63 'store' <Predicate = true> <Delay = 1.75> <Core = "RAM">   --->   Core 37 'RAM' <Latency = 1> <II = 1> <Delay = 2.77> <Storage> <Opcode : 'load' 'store'> <Ports = 2> <Width = 8> <Depth = 136> <RAM>
ST_9 : Operation 64 [1/1] (0.00ns)   --->   "br label %keccak_squeezeblocks.exit" [fips202.c:569]   --->   Operation 64 'br' <Predicate = true> <Delay = 0.00>


============================================================
+ Verbose Summary: Binding
============================================================
STG Binding: 
---------------- STG Properties BEGIN ----------------
- Is combinational: 0
- Is one-state seq: 0
- Is datapath-only: 0
- Is pipelined: 0
- Is top level: 1
Port [ Return ] is wired: 1; IO mode=ap_ctrl_hs:ce=0
Port [ h]:  wired=1; compound=1; hidden=0; nouse=0; global=0; static=0; extern=0; dir=1; type=1; pingpong=0; private_global=0; MemPort=[03]; IO mode=ap_memory:ce=0
Port [ in_r]:  wired=1; compound=1; hidden=0; nouse=0; global=0; static=0; extern=0; dir=0; type=1; pingpong=0; private_global=0; MemPort=[13]; IO mode=ap_memory:ce=0
Port [ inlen]:  wired=1; compound=0; hidden=0; nouse=1; global=0; static=0; extern=0; dir=0; type=0; pingpong=0; private_global=0; IO mode=ap_none:ce=0
Port [ KeccakF_RoundConstan]:  wired=0; compound=1; hidden=1; nouse=1; global=1; static=1; extern=0; dir=0; type=1; pingpong=0; private_global=0; linkage=7; visibility=0; MemPort=[1]; IO mode=ap_memory:ce=0
---------------- STG Properties END ------------------

---------------- Datapath Model BEGIN ----------------

<LifeTime>
<method=bitvector/>
s                 (alloca           ) [ 0011111100]
out_assign        (alloca           ) [ 0011111111]
StgValue_13       (call             ) [ 0000000000]
StgValue_15       (specbitsmap      ) [ 0000000000]
StgValue_16       (specbitsmap      ) [ 0000000000]
StgValue_17       (specbitsmap      ) [ 0000000000]
StgValue_18       (spectopmodule    ) [ 0000000000]
StgValue_19       (call             ) [ 0000000000]
StgValue_20       (br               ) [ 0000111100]
i_i               (phi              ) [ 0000011000]
tmp_i             (icmp             ) [ 0000011100]
empty             (speclooptripcount) [ 0000000000]
i_4_i             (add              ) [ 0000111100]
StgValue_25       (br               ) [ 0000000000]
tmp_6_i           (zext             ) [ 0000000000]
s_addr            (getelementptr    ) [ 0000001000]
StgValue_29       (br               ) [ 0000011111]
tmp_4_i           (bitconcatenate   ) [ 0000000100]
s_load            (load             ) [ 0000000100]
StgValue_32       (br               ) [ 0000011100]
i_i_i             (phi              ) [ 0000000100]
exitcond_i_i      (icmp             ) [ 0000011100]
empty_5           (speclooptripcount) [ 0000000000]
i_2               (add              ) [ 0000011100]
StgValue_37       (br               ) [ 0000000000]
StgValue_38       (specloopname     ) [ 0000000000]
tmp_1             (trunc            ) [ 0000000000]
tmp_1_i_i         (bitconcatenate   ) [ 0000000000]
tmp_2_i_i         (zext             ) [ 0000000000]
tmp_3_i_i         (lshr             ) [ 0000000000]
tmp_2             (trunc            ) [ 0000000000]
tmp_5_i_i_cast    (zext             ) [ 0000000000]
sum_i_i           (add              ) [ 0000000000]
sum_i_i_cast      (zext             ) [ 0000000000]
out_assign_addr_1 (getelementptr    ) [ 0000000000]
StgValue_48       (store            ) [ 0000000000]
StgValue_49       (br               ) [ 0000011100]
StgValue_50       (br               ) [ 0000111100]
i                 (phi              ) [ 0000000010]
exitcond          (icmp             ) [ 0000000011]
empty_6           (speclooptripcount) [ 0000000000]
i_1               (add              ) [ 0000010011]
StgValue_55       (br               ) [ 0000000000]
tmp               (zext             ) [ 0000000001]
out_assign_addr   (getelementptr    ) [ 0000000001]
StgValue_59       (ret              ) [ 0000000000]
StgValue_60       (specloopname     ) [ 0000000000]
out_assign_load   (load             ) [ 0000000000]
h_addr            (getelementptr    ) [ 0000000000]
StgValue_63       (store            ) [ 0000000000]
StgValue_64       (br               ) [ 0000010011]
</LifeTime>

<model>

<comp_list>
<comp id="0" class="1000" name="h">
<pin_list>
<pin id="1" dir="1" index="0" bw="1" slack="0"/>
</pin_list>
<bind>
<StgValue><ssdm name="h"/><MemPortTyVec>0 3 </MemPortTyVec>
</StgValue>
</bind>
</comp>

<comp id="2" class="1000" name="in_r">
<pin_list>
<pin id="3" dir="1" index="0" bw="1" slack="0"/>
</pin_list>
<bind>
<StgValue><ssdm name="in_r"/><MemPortTyVec>1 3 </MemPortTyVec>
</StgValue>
</bind>
</comp>

<comp id="4" class="1000" name="inlen">
<pin_list>
<pin id="5" dir="1" index="0" bw="1" slack="2147483647"/>
</pin_list>
<bind>
<StgValue><ssdm name="inlen"/></StgValue>
</bind>
</comp>

<comp id="6" class="1000" name="KeccakF_RoundConstan">
<pin_list>
<pin id="7" dir="1" index="0" bw="1" slack="0"/>
</pin_list>
<bind>
<StgValue><ssdm name="KeccakF_RoundConstan"/><MemPortTyVec>1 </MemPortTyVec>
</StgValue>
</bind>
</comp>

<comp id="8" class="1001" name="const_8">
<pin_list>
<pin id="9" dir="1" index="0" bw="1" slack="0"/>
</pin_list>
<bind>
<StgValue><ssdm name=""/></StgValue>
</bind>
</comp>

<comp id="10" class="1001" name="const_10">
<pin_list>
<pin id="11" dir="1" index="0" bw="1" slack="0"/>
</pin_list>
<bind>
<StgValue><ssdm name="keccak_absorb"/></StgValue>
</bind>
</comp>

<comp id="12" class="1001" name="const_12">
<pin_list>
<pin id="13" dir="1" index="0" bw="1" slack="0"/>
</pin_list>
<bind>
<StgValue><ssdm name="KeccakF1600_StatePer"/></StgValue>
</bind>
</comp>

<comp id="14" class="1001" name="const_14">
<pin_list>
<pin id="15" dir="1" index="0" bw="1" slack="2147483647"/>
</pin_list>
<bind>
<StgValue><ssdm name="_ssdm_op_SpecBitsMap"/></StgValue>
</bind>
</comp>

<comp id="16" class="1001" name="const_16">
<pin_list>
<pin id="17" dir="1" index="0" bw="1" slack="2147483647"/>
</pin_list>
<bind>
<StgValue><ssdm name="_ssdm_op_SpecTopModule"/></StgValue>
</bind>
</comp>

<comp id="18" class="1001" name="const_18">
<pin_list>
<pin id="19" dir="1" index="0" bw="1" slack="2147483647"/>
</pin_list>
<bind>
<StgValue><ssdm name="pqcrystals_fips202_r"/></StgValue>
</bind>
</comp>

<comp id="20" class="1001" name="const_20">
<pin_list>
<pin id="21" dir="1" index="0" bw="1" slack="1"/>
</pin_list>
<bind>
<StgValue><ssdm name=""/></StgValue>
</bind>
</comp>

<comp id="22" class="1001" name="const_22">
<pin_list>
<pin id="23" dir="1" index="0" bw="1" slack="0"/>
</pin_list>
<bind>
<StgValue><ssdm name=""/></StgValue>
</bind>
</comp>

<comp id="24" class="1001" name="const_24">
<pin_list>
<pin id="25" dir="1" index="0" bw="1" slack="2147483647"/>
</pin_list>
<bind>
<StgValue><ssdm name="_ssdm_op_SpecLoopTripCount"/></StgValue>
</bind>
</comp>

<comp id="26" class="1001" name="const_26">
<pin_list>
<pin id="27" dir="1" index="0" bw="1" slack="2147483647"/>
</pin_list>
<bind>
<StgValue><ssdm name=""/></StgValue>
</bind>
</comp>

<comp id="28" class="1001" name="const_28">
<pin_list>
<pin id="29" dir="1" index="0" bw="1" slack="0"/>
</pin_list>
<bind>
<StgValue><ssdm name=""/></StgValue>
</bind>
</comp>

<comp id="30" class="1001" name="const_30">
<pin_list>
<pin id="31" dir="1" index="0" bw="1" slack="0"/>
</pin_list>
<bind>
<StgValue><ssdm name=""/></StgValue>
</bind>
</comp>

<comp id="32" class="1001" name="const_32">
<pin_list>
<pin id="33" dir="1" index="0" bw="1" slack="0"/>
</pin_list>
<bind>
<StgValue><ssdm name="_ssdm_op_BitConcatenate.i8.i5.i3"/></StgValue>
</bind>
</comp>

<comp id="34" class="1001" name="const_34">
<pin_list>
<pin id="35" dir="1" index="0" bw="1" slack="0"/>
</pin_list>
<bind>
<StgValue><ssdm name=""/></StgValue>
</bind>
</comp>

<comp id="36" class="1001" name="const_36">
<pin_list>
<pin id="37" dir="1" index="0" bw="1" slack="1"/>
</pin_list>
<bind>
<StgValue><ssdm name=""/></StgValue>
</bind>
</comp>

<comp id="38" class="1001" name="const_38">
<pin_list>
<pin id="39" dir="1" index="0" bw="1" slack="0"/>
</pin_list>
<bind>
<StgValue><ssdm name=""/></StgValue>
</bind>
</comp>

<comp id="40" class="1001" name="const_40">
<pin_list>
<pin id="41" dir="1" index="0" bw="1" slack="2147483647"/>
</pin_list>
<bind>
<StgValue><ssdm name=""/></StgValue>
</bind>
</comp>

<comp id="42" class="1001" name="const_42">
<pin_list>
<pin id="43" dir="1" index="0" bw="1" slack="0"/>
</pin_list>
<bind>
<StgValue><ssdm name=""/></StgValue>
</bind>
</comp>

<comp id="44" class="1001" name="const_44">
<pin_list>
<pin id="45" dir="1" index="0" bw="1" slack="2147483647"/>
</pin_list>
<bind>
<StgValue><ssdm name="_ssdm_op_SpecLoopName"/></StgValue>
</bind>
</comp>

<comp id="46" class="1001" name="const_46">
<pin_list>
<pin id="47" dir="1" index="0" bw="1" slack="2147483647"/>
</pin_list>
<bind>
<StgValue><ssdm name="p_str1"/></StgValue>
</bind>
</comp>

<comp id="48" class="1001" name="const_48">
<pin_list>
<pin id="49" dir="1" index="0" bw="1" slack="0"/>
</pin_list>
<bind>
<StgValue><ssdm name="_ssdm_op_BitConcatenate.i6.i3.i3"/></StgValue>
</bind>
</comp>

<comp id="50" class="1001" name="const_50">
<pin_list>
<pin id="51" dir="1" index="0" bw="1" slack="1"/>
</pin_list>
<bind>
<StgValue><ssdm name=""/></StgValue>
</bind>
</comp>

<comp id="52" class="1001" name="const_52">
<pin_list>
<pin id="53" dir="1" index="0" bw="1" slack="0"/>
</pin_list>
<bind>
<StgValue><ssdm name=""/></StgValue>
</bind>
</comp>

<comp id="54" class="1001" name="const_54">
<pin_list>
<pin id="55" dir="1" index="0" bw="1" slack="2147483647"/>
</pin_list>
<bind>
<StgValue><ssdm name=""/></StgValue>
</bind>
</comp>

<comp id="56" class="1001" name="const_56">
<pin_list>
<pin id="57" dir="1" index="0" bw="1" slack="0"/>
</pin_list>
<bind>
<StgValue><ssdm name=""/></StgValue>
</bind>
</comp>

<comp id="58" class="1001" name="const_58">
<pin_list>
<pin id="59" dir="1" index="0" bw="1" slack="2147483647"/>
</pin_list>
<bind>
<StgValue><ssdm name="p_str"/></StgValue>
</bind>
</comp>

<comp id="60" class="1004" name="s_alloca_fu_60">
<pin_list>
<pin id="61" dir="0" index="0" bw="1" slack="0"/>
<pin id="62" dir="1" index="1" bw="64" slack="0"/>
</pin_list>
<bind>
<opcode="alloca(26) " fcode="alloca"/>
<opset="s/1 "/>
</bind>
</comp>

<comp id="64" class="1004" name="out_assign_alloca_fu_64">
<pin_list>
<pin id="65" dir="0" index="0" bw="1" slack="0"/>
<pin id="66" dir="1" index="1" bw="8" slack="2147483647"/>
</pin_list>
<bind>
<opcode="alloca(26) " fcode="alloca"/>
<opset="out_assign/1 "/>
</bind>
</comp>

<comp id="68" class="1004" name="s_addr_gep_fu_68">
<pin_list>
<pin id="69" dir="0" index="0" bw="64" slack="2147483647"/>
<pin id="70" dir="0" index="1" bw="1" slack="0"/>
<pin id="71" dir="0" index="2" bw="5" slack="0"/>
<pin id="72" dir="1" index="3" bw="5" slack="0"/>
</pin_list>
<bind>
<opcode="getelementptr(29) " fcode="getelementptr"/>
<opset="s_addr/5 "/>
</bind>
</comp>

<comp id="74" class="1004" name="grp_access_fu_74">
<pin_list>
<pin id="75" dir="0" index="0" bw="5" slack="0"/>
<pin id="76" dir="0" index="1" bw="64" slack="2147483647"/>
<pin id="77" dir="0" index="2" bw="0" slack="2147483647"/>
<pin id="78" dir="1" index="3" bw="64" slack="1"/>
</pin_list>
<bind>
<opcode="load(27) " fcode="load"/>
<opset="s_load/5 "/>
</bind>
</comp>

<comp id="80" class="1004" name="out_assign_addr_1_gep_fu_80">
<pin_list>
<pin id="81" dir="0" index="0" bw="8" slack="2147483647"/>
<pin id="82" dir="0" index="1" bw="1" slack="0"/>
<pin id="83" dir="0" index="2" bw="8" slack="0"/>
<pin id="84" dir="1" index="3" bw="8" slack="0"/>
</pin_list>
<bind>
<opcode="getelementptr(29) " fcode="getelementptr"/>
<opset="out_assign_addr_1/7 "/>
</bind>
</comp>

<comp id="86" class="1004" name="grp_access_fu_86">
<pin_list>
<pin id="87" dir="0" index="0" bw="8" slack="0"/>
<pin id="88" dir="0" index="1" bw="8" slack="0"/>
<pin id="89" dir="0" index="2" bw="0" slack="2147483647"/>
<pin id="90" dir="1" index="3" bw="8" slack="0"/>
</pin_list>
<bind>
<opcode="load(27) store(28) " fcode="load"/>
<opset="StgValue_48/7 out_assign_load/8 "/>
</bind>
</comp>

<comp id="92" class="1004" name="out_assign_addr_gep_fu_92">
<pin_list>
<pin id="93" dir="0" index="0" bw="8" slack="2147483647"/>
<pin id="94" dir="0" index="1" bw="1" slack="0"/>
<pin id="95" dir="0" index="2" bw="6" slack="0"/>
<pin id="96" dir="1" index="3" bw="8" slack="0"/>
</pin_list>
<bind>
<opcode="getelementptr(29) " fcode="getelementptr"/>
<opset="out_assign_addr/8 "/>
</bind>
</comp>

<comp id="99" class="1004" name="h_addr_gep_fu_99">
<pin_list>
<pin id="100" dir="0" index="0" bw="8" slack="0"/>
<pin id="101" dir="0" index="1" bw="1" slack="0"/>
<pin id="102" dir="0" index="2" bw="6" slack="1"/>
<pin id="103" dir="1" index="3" bw="5" slack="0"/>
</pin_list>
<bind>
<opcode="getelementptr(29) " fcode="getelementptr"/>
<opset="h_addr/9 "/>
</bind>
</comp>

<comp id="106" class="1004" name="StgValue_63_access_fu_106">
<pin_list>
<pin id="107" dir="0" index="0" bw="5" slack="0"/>
<pin id="108" dir="0" index="1" bw="8" slack="0"/>
<pin id="109" dir="0" index="2" bw="0" slack="2147483647"/>
<pin id="110" dir="1" index="3" bw="8" slack="2147483647"/>
</pin_list>
<bind>
<opcode="store(28) " fcode="store"/>
<opset="StgValue_63/9 "/>
</bind>
</comp>

<comp id="113" class="1005" name="i_i_reg_113">
<pin_list>
<pin id="114" dir="0" index="0" bw="5" slack="1"/>
<pin id="115" dir="1" index="1" bw="5" slack="1"/>
</pin_list>
<bind>
<opset="i_i (phireg) "/>
</bind>
</comp>

<comp id="117" class="1004" name="i_i_phi_fu_117">
<pin_list>
<pin id="118" dir="0" index="0" bw="1" slack="1"/>
<pin id="119" dir="0" index="1" bw="0" slack="2147483647"/>
<pin id="120" dir="0" index="2" bw="5" slack="0"/>
<pin id="121" dir="0" index="3" bw="0" slack="2147483647"/>
<pin id="122" dir="1" index="4" bw="5" slack="0"/>
</pin_list>
<bind>
<opcode="phi(47) " fcode="phi"/>
<opset="i_i/5 "/>
</bind>
</comp>

<comp id="125" class="1005" name="i_i_i_reg_125">
<pin_list>
<pin id="126" dir="0" index="0" bw="4" slack="1"/>
<pin id="127" dir="1" index="1" bw="4" slack="1"/>
</pin_list>
<bind>
<opset="i_i_i (phireg) "/>
</bind>
</comp>

<comp id="129" class="1004" name="i_i_i_phi_fu_129">
<pin_list>
<pin id="130" dir="0" index="0" bw="1" slack="1"/>
<pin id="131" dir="0" index="1" bw="0" slack="2147483647"/>
<pin id="132" dir="0" index="2" bw="4" slack="0"/>
<pin id="133" dir="0" index="3" bw="0" slack="2147483647"/>
<pin id="134" dir="1" index="4" bw="4" slack="0"/>
</pin_list>
<bind>
<opcode="phi(47) " fcode="phi"/>
<opset="i_i_i/7 "/>
</bind>
</comp>

<comp id="136" class="1005" name="i_reg_136">
<pin_list>
<pin id="137" dir="0" index="0" bw="6" slack="1"/>
<pin id="138" dir="1" index="1" bw="6" slack="1"/>
</pin_list>
<bind>
<opset="i (phireg) "/>
</bind>
</comp>

<comp id="140" class="1004" name="i_phi_fu_140">
<pin_list>
<pin id="141" dir="0" index="0" bw="6" slack="0"/>
<pin id="142" dir="0" index="1" bw="0" slack="2147483647"/>
<pin id="143" dir="0" index="2" bw="1" slack="1"/>
<pin id="144" dir="0" index="3" bw="0" slack="2147483647"/>
<pin id="145" dir="1" index="4" bw="6" slack="0"/>
</pin_list>
<bind>
<opcode="phi(47) " fcode="phi"/>
<opset="i/8 "/>
</bind>
</comp>

<comp id="147" class="1004" name="grp_KeccakF1600_StatePer_fu_147">
<pin_list>
<pin id="148" dir="0" index="0" bw="0" slack="0"/>
<pin id="149" dir="0" index="1" bw="64" slack="2147483647"/>
<pin id="150" dir="0" index="2" bw="64" slack="0"/>
<pin id="151" dir="1" index="3" bw="0" slack="2147483647"/>
</pin_list>
<bind>
<opcode="call(48) " fcode="call"/>
<opset="StgValue_14/3 "/>
</bind>
</comp>

<comp id="154" class="1004" name="grp_keccak_absorb_fu_154">
<pin_list>
<pin id="155" dir="0" index="0" bw="0" slack="0"/>
<pin id="156" dir="0" index="1" bw="64" slack="0"/>
<pin id="157" dir="0" index="2" bw="8" slack="0"/>
<pin id="158" dir="1" index="3" bw="0" slack="2147483647"/>
</pin_list>
<bind>
<opcode="call(48) " fcode="call"/>
<opset="StgValue_12/1 "/>
</bind>
</comp>

<comp id="162" class="1004" name="tmp_i_fu_162">
<pin_list>
<pin id="163" dir="0" index="0" bw="5" slack="0"/>
<pin id="164" dir="0" index="1" bw="5" slack="0"/>
<pin id="165" dir="1" index="2" bw="1" slack="2147483647"/>
</pin_list>
<bind>
<opcode="icmp(45) " fcode="icmp"/>
<opset="tmp_i/5 "/>
</bind>
</comp>

<comp id="168" class="1004" name="i_4_i_fu_168">
<pin_list>
<pin id="169" dir="0" index="0" bw="5" slack="0"/>
<pin id="170" dir="0" index="1" bw="1" slack="0"/>
<pin id="171" dir="1" index="2" bw="5" slack="0"/>
</pin_list>
<bind>
<opcode="add(8) " fcode="add"/>
<opset="i_4_i/5 "/>
</bind>
</comp>

<comp id="174" class="1004" name="tmp_6_i_fu_174">
<pin_list>
<pin id="175" dir="0" index="0" bw="5" slack="0"/>
<pin id="176" dir="1" index="1" bw="64" slack="0"/>
</pin_list>
<bind>
<opcode="zext(34) " fcode="zext"/>
<opset="tmp_6_i/5 "/>
</bind>
</comp>

<comp id="179" class="1004" name="tmp_4_i_fu_179">
<pin_list>
<pin id="180" dir="0" index="0" bw="8" slack="0"/>
<pin id="181" dir="0" index="1" bw="5" slack="1"/>
<pin id="182" dir="0" index="2" bw="1" slack="0"/>
<pin id="183" dir="1" index="3" bw="8" slack="1"/>
</pin_list>
<bind>
<opcode="bitconcatenate(1004) " fcode="bitconcatenate"/>
<opset="tmp_4_i/6 "/>
</bind>
</comp>

<comp id="187" class="1004" name="exitcond_i_i_fu_187">
<pin_list>
<pin id="188" dir="0" index="0" bw="4" slack="0"/>
<pin id="189" dir="0" index="1" bw="4" slack="0"/>
<pin id="190" dir="1" index="2" bw="1" slack="2147483647"/>
</pin_list>
<bind>
<opcode="icmp(45) " fcode="icmp"/>
<opset="exitcond_i_i/7 "/>
</bind>
</comp>

<comp id="193" class="1004" name="i_2_fu_193">
<pin_list>
<pin id="194" dir="0" index="0" bw="4" slack="0"/>
<pin id="195" dir="0" index="1" bw="1" slack="0"/>
<pin id="196" dir="1" index="2" bw="4" slack="0"/>
</pin_list>
<bind>
<opcode="add(8) " fcode="add"/>
<opset="i_2/7 "/>
</bind>
</comp>

<comp id="199" class="1004" name="tmp_1_fu_199">
<pin_list>
<pin id="200" dir="0" index="0" bw="4" slack="0"/>
<pin id="201" dir="1" index="1" bw="3" slack="0"/>
</pin_list>
<bind>
<opcode="trunc(33) " fcode="trunc"/>
<opset="tmp_1/7 "/>
</bind>
</comp>

<comp id="203" class="1004" name="tmp_1_i_i_fu_203">
<pin_list>
<pin id="204" dir="0" index="0" bw="6" slack="0"/>
<pin id="205" dir="0" index="1" bw="3" slack="0"/>
<pin id="206" dir="0" index="2" bw="1" slack="0"/>
<pin id="207" dir="1" index="3" bw="6" slack="0"/>
</pin_list>
<bind>
<opcode="bitconcatenate(1004) " fcode="bitconcatenate"/>
<opset="tmp_1_i_i/7 "/>
</bind>
</comp>

<comp id="211" class="1004" name="tmp_2_i_i_fu_211">
<pin_list>
<pin id="212" dir="0" index="0" bw="6" slack="0"/>
<pin id="213" dir="1" index="1" bw="64" slack="0"/>
</pin_list>
<bind>
<opcode="zext(34) " fcode="zext"/>
<opset="tmp_2_i_i/7 "/>
</bind>
</comp>

<comp id="215" class="1004" name="tmp_3_i_i_fu_215">
<pin_list>
<pin id="216" dir="0" index="0" bw="64" slack="1"/>
<pin id="217" dir="0" index="1" bw="6" slack="0"/>
<pin id="218" dir="1" index="2" bw="64" slack="0"/>
</pin_list>
<bind>
<opcode="lshr(21) " fcode="lshr"/>
<opset="tmp_3_i_i/7 "/>
</bind>
</comp>

<comp id="220" class="1004" name="tmp_2_fu_220">
<pin_list>
<pin id="221" dir="0" index="0" bw="64" slack="0"/>
<pin id="222" dir="1" index="1" bw="8" slack="0"/>
</pin_list>
<bind>
<opcode="trunc(33) " fcode="trunc"/>
<opset="tmp_2/7 "/>
</bind>
</comp>

<comp id="225" class="1004" name="tmp_5_i_i_cast_fu_225">
<pin_list>
<pin id="226" dir="0" index="0" bw="4" slack="0"/>
<pin id="227" dir="1" index="1" bw="8" slack="0"/>
</pin_list>
<bind>
<opcode="zext(34) " fcode="zext"/>
<opset="tmp_5_i_i_cast/7 "/>
</bind>
</comp>

<comp id="229" class="1004" name="sum_i_i_fu_229">
<pin_list>
<pin id="230" dir="0" index="0" bw="4" slack="0"/>
<pin id="231" dir="0" index="1" bw="8" slack="1"/>
<pin id="232" dir="1" index="2" bw="8" slack="0"/>
</pin_list>
<bind>
<opcode="add(8) " fcode="add"/>
<opset="sum_i_i/7 "/>
</bind>
</comp>

<comp id="234" class="1004" name="sum_i_i_cast_fu_234">
<pin_list>
<pin id="235" dir="0" index="0" bw="8" slack="0"/>
<pin id="236" dir="1" index="1" bw="64" slack="0"/>
</pin_list>
<bind>
<opcode="zext(34) " fcode="zext"/>
<opset="sum_i_i_cast/7 "/>
</bind>
</comp>

<comp id="239" class="1004" name="exitcond_fu_239">
<pin_list>
<pin id="240" dir="0" index="0" bw="6" slack="0"/>
<pin id="241" dir="0" index="1" bw="6" slack="0"/>
<pin id="242" dir="1" index="2" bw="1" slack="2147483647"/>
</pin_list>
<bind>
<opcode="icmp(45) " fcode="icmp"/>
<opset="exitcond/8 "/>
</bind>
</comp>

<comp id="245" class="1004" name="i_1_fu_245">
<pin_list>
<pin id="246" dir="0" index="0" bw="6" slack="0"/>
<pin id="247" dir="0" index="1" bw="1" slack="0"/>
<pin id="248" dir="1" index="2" bw="6" slack="0"/>
</pin_list>
<bind>
<opcode="add(8) " fcode="add"/>
<opset="i_1/8 "/>
</bind>
</comp>

<comp id="251" class="1004" name="tmp_fu_251">
<pin_list>
<pin id="252" dir="0" index="0" bw="6" slack="0"/>
<pin id="253" dir="1" index="1" bw="64" slack="0"/>
</pin_list>
<bind>
<opcode="zext(34) " fcode="zext"/>
<opset="tmp/8 "/>
</bind>
</comp>

<comp id="259" class="1005" name="i_4_i_reg_259">
<pin_list>
<pin id="260" dir="0" index="0" bw="5" slack="0"/>
<pin id="261" dir="1" index="1" bw="5" slack="0"/>
</pin_list>
<bind>
<opset="i_4_i "/>
</bind>
</comp>

<comp id="264" class="1005" name="s_addr_reg_264">
<pin_list>
<pin id="265" dir="0" index="0" bw="5" slack="1"/>
<pin id="266" dir="1" index="1" bw="5" slack="1"/>
</pin_list>
<bind>
<opset="s_addr "/>
</bind>
</comp>

<comp id="269" class="1005" name="tmp_4_i_reg_269">
<pin_list>
<pin id="270" dir="0" index="0" bw="8" slack="1"/>
<pin id="271" dir="1" index="1" bw="8" slack="1"/>
</pin_list>
<bind>
<opset="tmp_4_i "/>
</bind>
</comp>

<comp id="274" class="1005" name="s_load_reg_274">
<pin_list>
<pin id="275" dir="0" index="0" bw="64" slack="1"/>
<pin id="276" dir="1" index="1" bw="64" slack="1"/>
</pin_list>
<bind>
<opset="s_load "/>
</bind>
</comp>

<comp id="282" class="1005" name="i_2_reg_282">
<pin_list>
<pin id="283" dir="0" index="0" bw="4" slack="0"/>
<pin id="284" dir="1" index="1" bw="4" slack="0"/>
</pin_list>
<bind>
<opset="i_2 "/>
</bind>
</comp>

<comp id="290" class="1005" name="i_1_reg_290">
<pin_list>
<pin id="291" dir="0" index="0" bw="6" slack="0"/>
<pin id="292" dir="1" index="1" bw="6" slack="0"/>
</pin_list>
<bind>
<opset="i_1 "/>
</bind>
</comp>

<comp id="295" class="1005" name="tmp_reg_295">
<pin_list>
<pin id="296" dir="0" index="0" bw="64" slack="1"/>
<pin id="297" dir="1" index="1" bw="64" slack="1"/>
</pin_list>
<bind>
<opset="tmp "/>
</bind>
</comp>

<comp id="300" class="1005" name="out_assign_addr_reg_300">
<pin_list>
<pin id="301" dir="0" index="0" bw="8" slack="1"/>
<pin id="302" dir="1" index="1" bw="8" slack="1"/>
</pin_list>
<bind>
<opset="out_assign_addr "/>
</bind>
</comp>

</comp_list>

<net_list>
<net id="63"><net_src comp="8" pin="0"/><net_sink comp="60" pin=0"/></net>

<net id="67"><net_src comp="8" pin="0"/><net_sink comp="64" pin=0"/></net>

<net id="73"><net_src comp="30" pin="0"/><net_sink comp="68" pin=1"/></net>

<net id="79"><net_src comp="68" pin="3"/><net_sink comp="74" pin=0"/></net>

<net id="85"><net_src comp="30" pin="0"/><net_sink comp="80" pin=1"/></net>

<net id="91"><net_src comp="80" pin="3"/><net_sink comp="86" pin=0"/></net>

<net id="97"><net_src comp="30" pin="0"/><net_sink comp="92" pin=1"/></net>

<net id="98"><net_src comp="92" pin="3"/><net_sink comp="86" pin=0"/></net>

<net id="104"><net_src comp="0" pin="0"/><net_sink comp="99" pin=0"/></net>

<net id="105"><net_src comp="30" pin="0"/><net_sink comp="99" pin=1"/></net>

<net id="111"><net_src comp="86" pin="3"/><net_sink comp="106" pin=1"/></net>

<net id="112"><net_src comp="99" pin="3"/><net_sink comp="106" pin=0"/></net>

<net id="116"><net_src comp="20" pin="0"/><net_sink comp="113" pin=0"/></net>

<net id="123"><net_src comp="113" pin="1"/><net_sink comp="117" pin=0"/></net>

<net id="124"><net_src comp="117" pin="4"/><net_sink comp="113" pin=0"/></net>

<net id="128"><net_src comp="36" pin="0"/><net_sink comp="125" pin=0"/></net>

<net id="135"><net_src comp="125" pin="1"/><net_sink comp="129" pin=0"/></net>

<net id="139"><net_src comp="50" pin="0"/><net_sink comp="136" pin=0"/></net>

<net id="146"><net_src comp="136" pin="1"/><net_sink comp="140" pin=2"/></net>

<net id="152"><net_src comp="12" pin="0"/><net_sink comp="147" pin=0"/></net>

<net id="153"><net_src comp="6" pin="0"/><net_sink comp="147" pin=2"/></net>

<net id="159"><net_src comp="10" pin="0"/><net_sink comp="154" pin=0"/></net>

<net id="160"><net_src comp="60" pin="1"/><net_sink comp="154" pin=1"/></net>

<net id="161"><net_src comp="2" pin="0"/><net_sink comp="154" pin=2"/></net>

<net id="166"><net_src comp="117" pin="4"/><net_sink comp="162" pin=0"/></net>

<net id="167"><net_src comp="22" pin="0"/><net_sink comp="162" pin=1"/></net>

<net id="172"><net_src comp="117" pin="4"/><net_sink comp="168" pin=0"/></net>

<net id="173"><net_src comp="28" pin="0"/><net_sink comp="168" pin=1"/></net>

<net id="177"><net_src comp="117" pin="4"/><net_sink comp="174" pin=0"/></net>

<net id="178"><net_src comp="174" pin="1"/><net_sink comp="68" pin=2"/></net>

<net id="184"><net_src comp="32" pin="0"/><net_sink comp="179" pin=0"/></net>

<net id="185"><net_src comp="113" pin="1"/><net_sink comp="179" pin=1"/></net>

<net id="186"><net_src comp="34" pin="0"/><net_sink comp="179" pin=2"/></net>

<net id="191"><net_src comp="129" pin="4"/><net_sink comp="187" pin=0"/></net>

<net id="192"><net_src comp="38" pin="0"/><net_sink comp="187" pin=1"/></net>

<net id="197"><net_src comp="129" pin="4"/><net_sink comp="193" pin=0"/></net>

<net id="198"><net_src comp="42" pin="0"/><net_sink comp="193" pin=1"/></net>

<net id="202"><net_src comp="129" pin="4"/><net_sink comp="199" pin=0"/></net>

<net id="208"><net_src comp="48" pin="0"/><net_sink comp="203" pin=0"/></net>

<net id="209"><net_src comp="199" pin="1"/><net_sink comp="203" pin=1"/></net>

<net id="210"><net_src comp="34" pin="0"/><net_sink comp="203" pin=2"/></net>

<net id="214"><net_src comp="203" pin="3"/><net_sink comp="211" pin=0"/></net>

<net id="219"><net_src comp="211" pin="1"/><net_sink comp="215" pin=1"/></net>

<net id="223"><net_src comp="215" pin="2"/><net_sink comp="220" pin=0"/></net>

<net id="224"><net_src comp="220" pin="1"/><net_sink comp="86" pin=1"/></net>

<net id="228"><net_src comp="129" pin="4"/><net_sink comp="225" pin=0"/></net>

<net id="233"><net_src comp="225" pin="1"/><net_sink comp="229" pin=0"/></net>

<net id="237"><net_src comp="229" pin="2"/><net_sink comp="234" pin=0"/></net>

<net id="238"><net_src comp="234" pin="1"/><net_sink comp="80" pin=2"/></net>

<net id="243"><net_src comp="140" pin="4"/><net_sink comp="239" pin=0"/></net>

<net id="244"><net_src comp="52" pin="0"/><net_sink comp="239" pin=1"/></net>

<net id="249"><net_src comp="140" pin="4"/><net_sink comp="245" pin=0"/></net>

<net id="250"><net_src comp="56" pin="0"/><net_sink comp="245" pin=1"/></net>

<net id="254"><net_src comp="140" pin="4"/><net_sink comp="251" pin=0"/></net>

<net id="255"><net_src comp="251" pin="1"/><net_sink comp="92" pin=2"/></net>

<net id="262"><net_src comp="168" pin="2"/><net_sink comp="259" pin=0"/></net>

<net id="263"><net_src comp="259" pin="1"/><net_sink comp="117" pin=2"/></net>

<net id="267"><net_src comp="68" pin="3"/><net_sink comp="264" pin=0"/></net>

<net id="268"><net_src comp="264" pin="1"/><net_sink comp="74" pin=0"/></net>

<net id="272"><net_src comp="179" pin="3"/><net_sink comp="269" pin=0"/></net>

<net id="273"><net_src comp="269" pin="1"/><net_sink comp="229" pin=1"/></net>

<net id="277"><net_src comp="74" pin="3"/><net_sink comp="274" pin=0"/></net>

<net id="278"><net_src comp="274" pin="1"/><net_sink comp="215" pin=0"/></net>

<net id="285"><net_src comp="193" pin="2"/><net_sink comp="282" pin=0"/></net>

<net id="286"><net_src comp="282" pin="1"/><net_sink comp="129" pin=2"/></net>

<net id="293"><net_src comp="245" pin="2"/><net_sink comp="290" pin=0"/></net>

<net id="294"><net_src comp="290" pin="1"/><net_sink comp="140" pin=0"/></net>

<net id="298"><net_src comp="251" pin="1"/><net_sink comp="295" pin=0"/></net>

<net id="299"><net_src comp="295" pin="1"/><net_sink comp="99" pin=2"/></net>

<net id="303"><net_src comp="92" pin="3"/><net_sink comp="300" pin=0"/></net>

<net id="304"><net_src comp="300" pin="1"/><net_sink comp="86" pin=0"/></net>

</net_list>

</model> 
---------------- Datapath Model END ------------------

* FSMD analyzer results:
  - Output states:
	Port: h | {9 }
 - Input state : 
	Port: pqcrystals_fips202_ref_sha3_256 : in_r | {1 2 }
	Port: pqcrystals_fips202_ref_sha3_256 : KeccakF_RoundConstan | {3 4 }
  - Chain level:
	State 1
		StgValue_12 : 1
	State 2
	State 3
	State 4
	State 5
		tmp_i : 1
		i_4_i : 1
		StgValue_25 : 2
		tmp_6_i : 1
		s_addr : 2
		s_load : 3
	State 6
	State 7
		exitcond_i_i : 1
		i_2 : 1
		StgValue_37 : 2
		tmp_1 : 1
		tmp_1_i_i : 2
		tmp_2_i_i : 3
		tmp_3_i_i : 4
		tmp_2 : 5
		tmp_5_i_i_cast : 1
		sum_i_i : 2
		sum_i_i_cast : 3
		out_assign_addr_1 : 4
		StgValue_48 : 6
	State 8
		exitcond : 1
		i_1 : 1
		StgValue_55 : 2
		tmp : 1
		out_assign_addr : 2
		out_assign_load : 3
	State 9
		StgValue_63 : 1


============================================================
+ Verbose Summary: Datapath Resource usage 
============================================================

* Functional unit list:
|----------|---------------------------------|---------|---------|---------|---------|
| Operation|         Functional Unit         |   BRAM  |  Delay  |    FF   |   LUT   |
|----------|---------------------------------|---------|---------|---------|---------|
|   call   | grp_KeccakF1600_StatePer_fu_147 |    0    |  11.799 |   5329  |  18383  |
|          |     grp_keccak_absorb_fu_154    |    1    | 11.4105 |   335   |   396   |
|----------|---------------------------------|---------|---------|---------|---------|
|   lshr   |         tmp_3_i_i_fu_215        |    0    |    0    |    0    |   182   |
|----------|---------------------------------|---------|---------|---------|---------|
|          |           i_4_i_fu_168          |    0    |    0    |    0    |    15   |
|    add   |            i_2_fu_193           |    0    |    0    |    0    |    13   |
|          |          sum_i_i_fu_229         |    0    |    0    |    0    |    15   |
|          |            i_1_fu_245           |    0    |    0    |    0    |    15   |
|----------|---------------------------------|---------|---------|---------|---------|
|          |           tmp_i_fu_162          |    0    |    0    |    0    |    11   |
|   icmp   |       exitcond_i_i_fu_187       |    0    |    0    |    0    |    9    |
|          |         exitcond_fu_239         |    0    |    0    |    0    |    11   |
|----------|---------------------------------|---------|---------|---------|---------|
|          |          tmp_6_i_fu_174         |    0    |    0    |    0    |    0    |
|          |         tmp_2_i_i_fu_211        |    0    |    0    |    0    |    0    |
|   zext   |      tmp_5_i_i_cast_fu_225      |    0    |    0    |    0    |    0    |
|          |       sum_i_i_cast_fu_234       |    0    |    0    |    0    |    0    |
|          |            tmp_fu_251           |    0    |    0    |    0    |    0    |
|----------|---------------------------------|---------|---------|---------|---------|
|bitconcatenate|          tmp_4_i_fu_179         |    0    |    0    |    0    |    0    |
|          |         tmp_1_i_i_fu_203        |    0    |    0    |    0    |    0    |
|----------|---------------------------------|---------|---------|---------|---------|
|   trunc  |           tmp_1_fu_199          |    0    |    0    |    0    |    0    |
|          |           tmp_2_fu_220          |    0    |    0    |    0    |    0    |
|----------|---------------------------------|---------|---------|---------|---------|
|   Total  |                                 |    1    | 23.2095 |   5664  |  19050  |
|----------|---------------------------------|---------|---------|---------|---------|

Memories:
+--------------------+--------+--------+--------+
|                    |  BRAM  |   FF   |   LUT  |
+--------------------+--------+--------+--------+
|KeccakF_RoundConstan|    2   |    0   |    0   |
|     out_assign     |    1   |    0   |    0   |
|          s         |    4   |    0   |    0   |
+--------------------+--------+--------+--------+
|        Total       |    7   |    0   |    0   |
+--------------------+--------+--------+--------+

* Register list:
+-----------------------+--------+
|                       |   FF   |
+-----------------------+--------+
|      i_1_reg_290      |    6   |
|      i_2_reg_282      |    4   |
|     i_4_i_reg_259     |    5   |
|     i_i_i_reg_125     |    4   |
|      i_i_reg_113      |    5   |
|       i_reg_136       |    6   |
|out_assign_addr_reg_300|    8   |
|     s_addr_reg_264    |    5   |
|     s_load_reg_274    |   64   |
|    tmp_4_i_reg_269    |    8   |
|      tmp_reg_295      |   64   |
+-----------------------+--------+
|         Total         |   179  |
+-----------------------+--------+

* Multiplexer (MUX) list: 
|------------------|------|------|------|--------||---------||---------|
|       Comp       |  Pin | Size |  BW  | S x BW ||  Delay  ||   LUT   |
|------------------|------|------|------|--------||---------||---------|
| grp_access_fu_74 |  p0  |   2  |   5  |   10   ||    9    |
| grp_access_fu_86 |  p0  |   3  |   8  |   24   ||    15   |
|    i_i_reg_113   |  p0  |   2  |   5  |   10   ||    9    |
|------------------|------|------|------|--------||---------||---------|
|       Total      |      |      |      |   44   || 4.15175 ||    33   |
|------------------|------|------|------|--------||---------||---------|



* Summary:
+-----------+--------+--------+--------+--------+
|           |  BRAM  |  Delay |   FF   |   LUT  |
+-----------+--------+--------+--------+--------+
|  Function |    1   |   23   |  5664  |  19050 |
|   Memory  |    7   |    -   |    0   |    0   |
|Multiplexer|    -   |    4   |    -   |   33   |
|  Register |    -   |    -   |   179  |    -   |
+-----------+--------+--------+--------+--------+
|   Total   |    8   |   27   |  5843  |  19083 |
+-----------+--------+--------+--------+--------+
