

================================================================
== Vivado HLS Report for 'load64'
================================================================
* Date:           Tue Mar 30 01:17:52 2021

* Version:        2018.3 (Build 2405991 on Thu Dec 06 23:56:15 MST 2018)
* Project:        SHA
* Solution:       solution2
* Product family: virtex7
* Target device:  xc7vx980tffg1930-2l


================================================================
== Performance Estimates
================================================================
+ Timing (ns): 
    * Summary: 
    +--------+-------+----------+------------+
    |  Clock | Target| Estimated| Uncertainty|
    +--------+-------+----------+------------+
    |ap_clk  |  10.00|     3.516|        1.25|
    +--------+-------+----------+------------+

+ Latency (clock cycles): 
    * Summary: 
    +-----+-----+-----+-----+----------+
    |  Latency  |  Interval | Pipeline |
    | min | max | min | max |   Type   |
    +-----+-----+-----+-----+----------+
    |    0|    0|    1|    1| function |
    +-----+-----+-----+-----+----------+

    + Detail: 
        * Instance: 
        N/A

        * Loop: 
        N/A



================================================================
== Utilization Estimates
================================================================
* Summary: 
+-----------------+---------+-------+---------+--------+
|       Name      | BRAM_18K| DSP48E|    FF   |   LUT  |
+-----------------+---------+-------+---------+--------+
|DSP              |        -|      -|        -|       -|
|Expression       |        -|      -|        0|     105|
|FIFO             |        -|      -|        -|       -|
|Instance         |        -|      -|        0|    8656|
|Memory           |        -|      -|        -|       -|
|Multiplexer      |        -|      -|        -|       -|
|Register         |        -|      -|        -|       -|
+-----------------+---------+-------+---------+--------+
|Total            |        0|      0|        0|    8761|
+-----------------+---------+-------+---------+--------+
|Available        |     3000|   3600|  1224000|  612000|
+-----------------+---------+-------+---------+--------+
|Utilization (%)  |        0|      0|        0|       1|
+-----------------+---------+-------+---------+--------+

+ Detail: 
    * Instance: 
    +---------------------------------------------------+------------------------------------------------+---------+-------+---+------+
    |                      Instance                     |                     Module                     | BRAM_18K| DSP48E| FF|  LUT |
    +---------------------------------------------------+------------------------------------------------+---------+-------+---+------+
    |pqcrystals_fips202_ref_sha3_256_mux_2008_8_1_1_U1  |pqcrystals_fips202_ref_sha3_256_mux_2008_8_1_1  |        0|      0|  0|  1082|
    |pqcrystals_fips202_ref_sha3_256_mux_2008_8_1_1_U2  |pqcrystals_fips202_ref_sha3_256_mux_2008_8_1_1  |        0|      0|  0|  1082|
    |pqcrystals_fips202_ref_sha3_256_mux_2008_8_1_1_U3  |pqcrystals_fips202_ref_sha3_256_mux_2008_8_1_1  |        0|      0|  0|  1082|
    |pqcrystals_fips202_ref_sha3_256_mux_2008_8_1_1_U4  |pqcrystals_fips202_ref_sha3_256_mux_2008_8_1_1  |        0|      0|  0|  1082|
    |pqcrystals_fips202_ref_sha3_256_mux_2008_8_1_1_U5  |pqcrystals_fips202_ref_sha3_256_mux_2008_8_1_1  |        0|      0|  0|  1082|
    |pqcrystals_fips202_ref_sha3_256_mux_2008_8_1_1_U6  |pqcrystals_fips202_ref_sha3_256_mux_2008_8_1_1  |        0|      0|  0|  1082|
    |pqcrystals_fips202_ref_sha3_256_mux_2008_8_1_1_U7  |pqcrystals_fips202_ref_sha3_256_mux_2008_8_1_1  |        0|      0|  0|  1082|
    |pqcrystals_fips202_ref_sha3_256_mux_2008_8_1_1_U8  |pqcrystals_fips202_ref_sha3_256_mux_2008_8_1_1  |        0|      0|  0|  1082|
    +---------------------------------------------------+------------------------------------------------+---------+-------+---+------+
    |Total                                              |                                                |        0|      0|  0|  8656|
    +---------------------------------------------------+------------------------------------------------+---------+-------+---+------+

    * DSP48: 
    N/A

    * Memory: 
    N/A

    * FIFO: 
    N/A

    * Expression: 
    +--------------------+----------+-------+---+----+------------+------------+
    |    Variable Name   | Operation| DSP48E| FF| LUT| Bitwidth P0| Bitwidth P1|
    +--------------------+----------+-------+---+----+------------+------------+
    |tmp_1_fu_474_p201   |     +    |      0|  0|  15|           1|           8|
    |tmp_2_fu_886_p201   |     +    |      0|  0|  15|           2|           8|
    |tmp_3_fu_1298_p201  |     +    |      0|  0|  15|           2|           8|
    |tmp_4_fu_1710_p201  |     +    |      0|  0|  15|           3|           8|
    |tmp_5_fu_2122_p201  |     +    |      0|  0|  15|           3|           8|
    |tmp_6_fu_2534_p201  |     +    |      0|  0|  15|           3|           8|
    |tmp_7_fu_2946_p201  |     +    |      0|  0|  15|           3|           8|
    +--------------------+----------+-------+---+----+------------+------------+
    |Total               |          |      0|  0| 105|          17|          56|
    +--------------------+----------+-------+---+----+------------+------------+

    * Multiplexer: 
    N/A

    * Register: 
    N/A



================================================================
== Interface
================================================================
* Summary: 
+-----------+-----+-----+------------+--------------+--------------+
| RTL Ports | Dir | Bits|  Protocol  | Source Object|    C Type    |
+-----------+-----+-----+------------+--------------+--------------+
|ap_ready   | out |    1| ap_ctrl_hs |    load64    | return value |
|ap_return  | out |   64| ap_ctrl_hs |    load64    | return value |
|x_0_read   |  in |    8|   ap_none  |   x_0_read   |    scalar    |
|x_1_read   |  in |    8|   ap_none  |   x_1_read   |    scalar    |
|x_2_read   |  in |    8|   ap_none  |   x_2_read   |    scalar    |
|x_offset   |  in |    9|   ap_none  |   x_offset   |    scalar    |
+-----------+-----+-----+------------+--------------+--------------+

