

================================================================
== Vivado HLS Report for 'keccak_absorb'
================================================================
* Date:           Mon Apr 12 23:35:39 2021

* Version:        2018.3 (Build 2405991 on Thu Dec 06 23:56:15 MST 2018)
* Project:        SHA
* Solution:       NDT_b
* Product family: artix7l
* Target device:  xc7a75tlftg256-2l


================================================================
== Performance Estimates
================================================================
+ Timing (ns): 
    * Summary: 
    +--------+-------+----------+------------+
    |  Clock | Target| Estimated| Uncertainty|
    +--------+-------+----------+------------+
    |ap_clk  |  10.00|     6.784|        1.25|
    +--------+-------+----------+------------+

+ Latency (clock cycles): 
    * Summary: 
    +-----+-----+-----+-----+---------+
    |  Latency  |  Interval | Pipeline|
    | min | max | min | max |   Type  |
    +-----+-----+-----+-----+---------+
    |  294|  299|  294|  299|   none  |
    +-----+-----+-----+-----+---------+

    + Detail: 
        * Instance: 
        N/A

        * Loop: 
        +------------------------+-----+-----+----------+-----------+-----------+------+----------+
        |                        |  Latency  | Iteration|  Initiation Interval  | Trip |          |
        |        Loop Name       | min | max |  Latency |  achieved |   target  | Count| Pipelined|
        +------------------------+-----+-----+----------+-----------+-----------+------+----------+
        |- memset_t              |  199|  199|         1|          -|          -|   200|    no    |
        |- keccak_absorb_label5  |   81|   85|         9|          -|          -|     9|    no    |
        +------------------------+-----+-----+----------+-----------+-----------+------+----------+



================================================================
== Utilization Estimates
================================================================
* Summary: 
+-----------------+---------+-------+-------+-------+
|       Name      | BRAM_18K| DSP48E|   FF  |  LUT  |
+-----------------+---------+-------+-------+-------+
|DSP              |        -|      -|      -|      -|
|Expression       |        -|      -|      0|    443|
|FIFO             |        -|      -|      -|      -|
|Instance         |        -|      -|      -|      -|
|Memory           |        1|      -|      0|      0|
|Multiplexer      |        -|      -|      -|    445|
|Register         |        -|      -|    156|      -|
+-----------------+---------+-------+-------+-------+
|Total            |        1|      0|    156|    888|
+-----------------+---------+-------+-------+-------+
|Available        |      210|    180|  94400|  47200|
+-----------------+---------+-------+-------+-------+
|Utilization (%)  |    ~0   |      0|   ~0  |      1|
+-----------------+---------+-------+-------+-------+

+ Detail: 
    * Instance: 
    N/A

    * DSP48: 
    N/A

    * Memory: 
    +-------+-----------------+---------+---+----+------+-----+------+-------------+
    | Memory|      Module     | BRAM_18K| FF| LUT| Words| Bits| Banks| W*Bits*Banks|
    +-------+-----------------+---------+---+----+------+-----+------+-------------+
    |t_U    |keccak_absorb_t  |        1|  0|   0|   200|    8|     1|         1600|
    +-------+-----------------+---------+---+----+------+-----+------+-------------+
    |Total  |                 |        1|  0|   0|   200|    8|     1|         1600|
    +-------+-----------------+---------+---+----+------+-----+------+-------------+

    * FIFO: 
    N/A

    * Expression: 
    +---------------------+----------+-------+---+----+------------+------------+
    |    Variable Name    | Operation| DSP48E| FF| LUT| Bitwidth P0| Bitwidth P1|
    +---------------------+----------+-------+---+----+------------+------------+
    |i_7_1_fu_762_p2      |     +    |      0|  0|  15|           5|           2|
    |indvarinc_fu_581_p2  |     +    |      0|  0|  15|           8|           1|
    |tmp_16_1_fu_732_p2   |   icmp   |      0|  0|  11|           5|           5|
    |tmp_2_fu_610_p2      |   icmp   |      0|  0|  11|           5|           5|
    |tmp_s_fu_592_p2      |   icmp   |      0|  0|  11|           8|           7|
    |i_7_s_fu_721_p2      |    or    |      0|  0|  12|           5|           1|
    |sum_1_i1_fu_751_p2   |    or    |      0|  0|  15|           8|           1|
    |sum_1_i_fu_629_p2    |    or    |      0|  0|  15|           8|           1|
    |sum_2_i1_fu_768_p2   |    or    |      0|  0|  15|           8|           2|
    |sum_2_i_fu_640_p2    |    or    |      0|  0|  15|           8|           2|
    |sum_3_i1_fu_778_p2   |    or    |      0|  0|  15|           8|           2|
    |sum_3_i_fu_650_p2    |    or    |      0|  0|  15|           8|           2|
    |sum_4_i1_fu_788_p2   |    or    |      0|  0|  15|           8|           3|
    |sum_4_i_fu_660_p2    |    or    |      0|  0|  15|           8|           3|
    |sum_5_i1_fu_798_p2   |    or    |      0|  0|  15|           8|           3|
    |sum_5_i_fu_670_p2    |    or    |      0|  0|  15|           8|           3|
    |sum_6_i1_fu_808_p2   |    or    |      0|  0|  15|           8|           3|
    |sum_6_i_fu_680_p2    |    or    |      0|  0|  15|           8|           3|
    |sum_7_i1_fu_818_p2   |    or    |      0|  0|  15|           8|           3|
    |sum_7_i_fu_690_p2    |    or    |      0|  0|  15|           8|           3|
    |tmp_1_fu_598_p2      |    or    |      0|  0|  16|           8|           9|
    |tmp_19_1_fu_842_p2   |    xor   |      0|  0|  71|          64|          64|
    |tmp_4_fu_714_p2      |    xor   |      0|  0|  71|          64|          64|
    +---------------------+----------+-------+---+----+------------+------------+
    |Total                |          |      0|  0| 443|         284|         192|
    +---------------------+----------+-------+---+----+------------+------------+

    * Multiplexer: 
    +----------------+-----+-----------+-----+-----------+
    |      Name      | LUT | Input Size| Bits| Total Bits|
    +----------------+-----+-----------+-----+-----------+
    |ap_NS_fsm       |  113|         24|    1|         24|
    |i_3_reg_569     |    9|          2|    5|         10|
    |invdar_reg_558  |    9|          2|    8|         16|
    |m_address0      |   21|          4|    2|          8|
    |s_address0      |   65|         16|    5|         80|
    |s_address1      |   62|         15|    5|         75|
    |s_d0            |   21|          4|   64|        256|
    |t_address0      |   56|         13|    8|        104|
    |t_address1      |   53|         12|    8|         96|
    |t_d0            |   21|          4|    8|         32|
    |t_d1            |   15|          3|    8|         24|
    +----------------+-----+-----------+-----+-----------+
    |Total           |  445|         99|  122|        725|
    +----------------+-----+-----------+-----+-----------+

    * Register: 
    +--------------------+----+----+-----+-----------+
    |        Name        | FF | LUT| Bits| Const Bits|
    +--------------------+----+----+-----+-----------+
    |ap_CS_fsm           |  23|   0|   23|          0|
    |i_3_reg_569         |   5|   0|    5|          0|
    |i_7_1_reg_997       |   5|   0|    5|          0|
    |invdar_reg_558      |   8|   0|    8|          0|
    |s_addr_25_reg_902   |   5|   0|    5|          0|
    |s_addr_26_reg_991   |   4|   0|    5|          1|
    |t_load_10_reg_1007  |   8|   0|    8|          0|
    |t_load_11_reg_1022  |   8|   0|    8|          0|
    |t_load_12_reg_1027  |   8|   0|    8|          0|
    |t_load_13_reg_1042  |   8|   0|    8|          0|
    |t_load_14_reg_1047  |   8|   0|    8|          0|
    |t_load_1_reg_908    |   8|   0|    8|          0|
    |t_load_2_reg_913    |   8|   0|    8|          0|
    |t_load_3_reg_928    |   8|   0|    8|          0|
    |t_load_4_reg_933    |   8|   0|    8|          0|
    |t_load_5_reg_948    |   8|   0|    8|          0|
    |t_load_6_reg_953    |   8|   0|    8|          0|
    |t_load_9_reg_1002   |   8|   0|    8|          0|
    |tmp_17_1_reg_971    |   4|   0|    8|          4|
    |tmp_2_reg_878       |   1|   0|    1|          0|
    |tmp_3_reg_882       |   5|   0|    8|          3|
    +--------------------+----+----+-----+-----------+
    |Total               | 156|   0|  164|          8|
    +--------------------+----+----+-----+-----------+



================================================================
== Interface
================================================================
* Summary: 
+------------+-----+-----+------------+---------------+--------------+
|  RTL Ports | Dir | Bits|  Protocol  | Source Object |    C Type    |
+------------+-----+-----+------------+---------------+--------------+
|ap_clk      |  in |    1| ap_ctrl_hs | keccak_absorb | return value |
|ap_rst      |  in |    1| ap_ctrl_hs | keccak_absorb | return value |
|ap_start    |  in |    1| ap_ctrl_hs | keccak_absorb | return value |
|ap_done     | out |    1| ap_ctrl_hs | keccak_absorb | return value |
|ap_idle     | out |    1| ap_ctrl_hs | keccak_absorb | return value |
|ap_ready    | out |    1| ap_ctrl_hs | keccak_absorb | return value |
|s_address0  | out |    5|  ap_memory |       s       |     array    |
|s_ce0       | out |    1|  ap_memory |       s       |     array    |
|s_we0       | out |    1|  ap_memory |       s       |     array    |
|s_d0        | out |   64|  ap_memory |       s       |     array    |
|s_address1  | out |    5|  ap_memory |       s       |     array    |
|s_ce1       | out |    1|  ap_memory |       s       |     array    |
|s_we1       | out |    1|  ap_memory |       s       |     array    |
|s_d1        | out |   64|  ap_memory |       s       |     array    |
|s_q1        |  in |   64|  ap_memory |       s       |     array    |
|m_address0  | out |    2|  ap_memory |       m       |     array    |
|m_ce0       | out |    1|  ap_memory |       m       |     array    |
|m_q0        |  in |    8|  ap_memory |       m       |     array    |
+------------+-----+-----+------------+---------------+--------------+

