

================================================================
== Vivado HLS Report for 'keccak_absorb'
================================================================
* Date:           Sun Apr 18 23:59:04 2021

* Version:        2018.3 (Build 2405991 on Thu Dec 06 23:56:15 MST 2018)
* Project:        SHA
* Solution:       NDT_a
* Product family: artix7l
* Target device:  xc7a75tlftg256-2l


================================================================
== Performance Estimates
================================================================
+ Timing (ns): 
    * Summary: 
    +--------+-------+----------+------------+
    |  Clock | Target| Estimated| Uncertainty|
    +--------+-------+----------+------------+
    |ap_clk  |  10.00|     7.440|        1.25|
    +--------+-------+----------+------------+

+ Latency (clock cycles): 
    * Summary: 
    +-----+-----+-----+-----+---------+
    |  Latency  |  Interval | Pipeline|
    | min | max | min | max |   Type  |
    +-----+-----+-----+-----+---------+
    |    ?|    ?|    ?|    ?|   none  |
    +-----+-----+-----+-----+---------+

    + Detail: 
        * Instance: 
        +---------------------------------+----------------------+-----+-----+-----+-----+---------+
        |                                 |                      |  Latency  |  Interval | Pipeline|
        |             Instance            |        Module        | min | max | min | max |   Type  |
        +---------------------------------+----------------------+-----+-----+-----+-----+---------+
        |grp_KeccakF1600_StatePer_fu_404  |KeccakF1600_StatePer  |   62|   62|   62|   62|   none  |
        +---------------------------------+----------------------+-----+-----+-----+-----+---------+

        * Loop: 
        +-------------------------+-----+-----+----------+-----------+-----------+------+----------+
        |                         |  Latency  | Iteration|  Initiation Interval  | Trip |          |
        |        Loop Name        | min | max |  Latency |  achieved |   target  | Count| Pipelined|
        +-------------------------+-----+-----+----------+-----------+-----------+------+----------+
        |- memset_t               |  199|  199|         1|          -|          -|   200|    no    |
        |- keccak_absorb_label6   |   25|   25|         1|          -|          -|    25|    no    |
        |- keccak_absorb_label7   |    ?|    ?|       150|          -|          -|     ?|    no    |
        | + keccak_absorb_label0  |   85|   85|         5|          -|          -|    17|    no    |
        |- keccak_absorb_label4   |    ?|    ?|         2|          -|          -|     ?|    no    |
        |- keccak_absorb_label5   |   85|   85|         5|          -|          -|    17|    no    |
        +-------------------------+-----+-----+----------+-----------+-----------+------+----------+



================================================================
== Utilization Estimates
================================================================
* Summary: 
+-----------------+---------+-------+-------+-------+
|       Name      | BRAM_18K| DSP48E|   FF  |  LUT  |
+-----------------+---------+-------+-------+-------+
|DSP              |        -|      -|      -|      -|
|Expression       |        -|      -|      0|    768|
|FIFO             |        -|      -|      -|      -|
|Instance         |        2|      -|   3495|  18673|
|Memory           |        1|      -|      0|      0|
|Multiplexer      |        -|      -|      -|    432|
|Register         |        -|      -|    488|      -|
+-----------------+---------+-------+-------+-------+
|Total            |        3|      0|   3983|  19873|
+-----------------+---------+-------+-------+-------+
|Available        |      210|    180|  94400|  47200|
+-----------------+---------+-------+-------+-------+
|Utilization (%)  |        1|      0|      4|     42|
+-----------------+---------+-------+-------+-------+

+ Detail: 
    * Instance: 
    +---------------------------------+----------------------+---------+-------+------+-------+
    |             Instance            |        Module        | BRAM_18K| DSP48E|  FF  |  LUT  |
    +---------------------------------+----------------------+---------+-------+------+-------+
    |grp_KeccakF1600_StatePer_fu_404  |KeccakF1600_StatePer  |        2|      0|  3495|  18673|
    +---------------------------------+----------------------+---------+-------+------+-------+
    |Total                            |                      |        2|      0|  3495|  18673|
    +---------------------------------+----------------------+---------+-------+------+-------+

    * DSP48: 
    N/A

    * Memory: 
    +-------+-----------------+---------+---+----+------+-----+------+-------------+
    | Memory|      Module     | BRAM_18K| FF| LUT| Words| Bits| Banks| W*Bits*Banks|
    +-------+-----------------+---------+---+----+------+-----+------+-------------+
    |t_U    |keccak_absorb_t  |        1|  0|   0|   200|    8|     1|         1600|
    +-------+-----------------+---------+---+----+------+-----+------+-------------+
    |Total  |                 |        1|  0|   0|   200|    8|     1|         1600|
    +-------+-----------------+---------+---+----+------+-----+------+-------------+

    * FIFO: 
    N/A

    * Expression: 
    +-----------------------+----------+-------+---+----+------------+------------+
    |     Variable Name     | Operation| DSP48E| FF| LUT| Bitwidth P0| Bitwidth P1|
    +-----------------------+----------+-------+---+----+------------+------------+
    |ff_1_fu_521_p2         |     +    |      0|  0|  15|           8|           7|
    |i_4_fu_440_p2          |     +    |      0|  0|  15|           5|           1|
    |i_6_fu_470_p2          |     +    |      0|  0|  15|           5|           1|
    |i_7_fu_656_p2          |     +    |      0|  0|  15|           5|           1|
    |indvarinc_fu_412_p2    |     +    |      0|  0|  15|           8|           1|
    |mlen_assign_fu_509_p2  |     +    |      0|  0|  71|          64|           9|
    |p_rec_fu_515_p2        |     +    |      0|  0|  71|          64|           8|
    |sum7_fu_488_p2         |     +    |      0|  0|  21|          14|          14|
    |sum9_fu_628_p2         |     +    |      0|  0|  21|          14|          14|
    |tmp_3_fu_622_p2        |     +    |      0|  0|  15|           8|           1|
    |exitcond_fu_616_p2     |   icmp   |      0|  0|  29|          64|          64|
    |tmp_4_fu_650_p2        |   icmp   |      0|  0|  11|           5|           5|
    |tmp_6_fu_434_p2        |   icmp   |      0|  0|  11|           5|           4|
    |tmp_7_fu_453_p2        |   icmp   |      0|  0|  11|           8|           8|
    |tmp_8_fu_464_p2        |   icmp   |      0|  0|  11|           5|           5|
    |tmp_s_fu_423_p2        |   icmp   |      0|  0|  11|           8|           7|
    |sum_1_i1_fu_675_p2     |    or    |      0|  0|  15|           8|           1|
    |sum_1_i_fu_498_p2      |    or    |      0|  0|  21|          14|           1|
    |sum_2_i1_fu_686_p2     |    or    |      0|  0|  15|           8|           2|
    |sum_2_i_fu_527_p2      |    or    |      0|  0|  21|          14|           2|
    |sum_3_i1_fu_696_p2     |    or    |      0|  0|  15|           8|           2|
    |sum_3_i_fu_537_p2      |    or    |      0|  0|  21|          14|           2|
    |sum_4_i1_fu_706_p2     |    or    |      0|  0|  15|           8|           3|
    |sum_4_i_fu_547_p2      |    or    |      0|  0|  21|          14|           3|
    |sum_5_i1_fu_716_p2     |    or    |      0|  0|  15|           8|           3|
    |sum_5_i_fu_557_p2      |    or    |      0|  0|  21|          14|           3|
    |sum_6_i1_fu_726_p2     |    or    |      0|  0|  15|           8|           3|
    |sum_6_i_fu_567_p2      |    or    |      0|  0|  21|          14|           3|
    |sum_7_i1_fu_736_p2     |    or    |      0|  0|  15|           8|           3|
    |sum_7_i_fu_577_p2      |    or    |      0|  0|  21|          14|           3|
    |tmp_2_fu_638_p2        |    or    |      0|  0|  16|           8|           9|
    |tmp_11_fu_760_p2       |    xor   |      0|  0|  71|          64|          64|
    |tmp_5_fu_601_p2        |    xor   |      0|  0|  71|          64|          64|
    +-----------------------+----------+-------+---+----+------------+------------+
    |Total                  |          |      0|  0| 768|         580|         321|
    +-----------------------+----------+-------+---+----+------------+------------+

    * Multiplexer: 
    +-----------------+----+-----------+-----+-----------+
    |       Name      | LUT| Input Size| Bits| Total Bits|
    +-----------------+----+-----------+-----+-----------+
    |ap_NS_fsm        |  97|         20|    1|         20|
    |ff1_reg_361      |   9|          2|    8|         16|
    |i_1_reg_371      |   9|          2|    5|         10|
    |i_2_reg_382      |   9|          2|    8|         16|
    |i_3_reg_393      |   9|          2|    5|         10|
    |i_5_reg_338      |   9|          2|   64|        128|
    |i_reg_327        |   9|          2|    5|         10|
    |invdar_reg_316   |   9|          2|    8|         16|
    |m_address0       |  33|          6|   12|         72|
    |m_address1       |  27|          5|   12|         60|
    |p_0_rec_reg_349  |   9|          2|   64|        128|
    |s_address0       |  27|          5|    5|         25|
    |s_ce0            |  15|          3|    1|          3|
    |s_ce1            |   9|          2|    1|          2|
    |s_d0             |  27|          5|   64|        320|
    |s_we0            |  15|          3|    1|          3|
    |s_we1            |   9|          2|    1|          2|
    |t_address0       |  47|         10|    8|         80|
    |t_address1       |  27|          5|    8|         40|
    |t_d0             |  27|          5|    8|         40|
    +-----------------+----+-----------+-----+-----------+
    |Total            | 432|         87|  289|       1001|
    +-----------------+----+-----------+-----+-----------+

    * Register: 
    +----------------------------------------------+----+----+-----+-----------+
    |                     Name                     | FF | LUT| Bits| Const Bits|
    +----------------------------------------------+----+----+-----+-----------+
    |ap_CS_fsm                                     |  19|   0|   19|          0|
    |ff1_reg_361                                   |   8|   0|    8|          0|
    |ff_1_reg_846                                  |   8|   0|    8|          0|
    |grp_KeccakF1600_StatePer_fu_404_ap_start_reg  |   1|   0|    1|          0|
    |i_1_reg_371                                   |   5|   0|    5|          0|
    |i_2_cast_reg_911                              |   8|   0|   64|         56|
    |i_2_reg_382                                   |   8|   0|    8|          0|
    |i_3_reg_393                                   |   5|   0|    5|          0|
    |i_5_reg_338                                   |  64|   0|   64|          0|
    |i_6_reg_806                                   |   5|   0|    5|          0|
    |i_7_reg_937                                   |   5|   0|    5|          0|
    |i_reg_327                                     |   5|   0|    5|          0|
    |invdar_reg_316                                |   8|   0|    8|          0|
    |m_load_1_reg_851                              |   8|   0|    8|          0|
    |m_load_2_reg_856                              |   8|   0|    8|          0|
    |m_load_3_reg_871                              |   8|   0|    8|          0|
    |m_load_4_reg_876                              |   8|   0|    8|          0|
    |m_load_5_reg_891                              |   8|   0|    8|          0|
    |m_load_6_reg_896                              |   8|   0|    8|          0|
    |mlen_assign_reg_836                           |  64|   0|   64|          0|
    |p_0_rec_reg_349                               |  64|   0|   64|          0|
    |p_rec_reg_841                                 |  64|   0|   64|          0|
    |s_addr_1_reg_831                              |   5|   0|    5|          0|
    |s_addr_2_reg_962                              |   5|   0|    5|          0|
    |sum7_reg_811                                  |  14|   0|   14|          0|
    |t_load_1_reg_967                              |   8|   0|    8|          0|
    |t_load_2_reg_972                              |   8|   0|    8|          0|
    |t_load_3_reg_987                              |   8|   0|    8|          0|
    |t_load_4_reg_992                              |   8|   0|    8|          0|
    |t_load_5_reg_1007                             |   8|   0|    8|          0|
    |t_load_6_reg_1012                             |   8|   0|    8|          0|
    |tmp_10_reg_942                                |   5|   0|    8|          3|
    |tmp_13_reg_794                                |  14|   0|   14|          0|
    |tmp_3_reg_919                                 |   8|   0|    8|          0|
    +----------------------------------------------+----+----+-----+-----------+
    |Total                                         | 488|   0|  547|         59|
    +----------------------------------------------+----+----+-----+-----------+



================================================================
== Interface
================================================================
* Summary: 
+------------+-----+-----+------------+---------------+--------------+
|  RTL Ports | Dir | Bits|  Protocol  | Source Object |    C Type    |
+------------+-----+-----+------------+---------------+--------------+
|ap_clk      |  in |    1| ap_ctrl_hs | keccak_absorb | return value |
|ap_rst      |  in |    1| ap_ctrl_hs | keccak_absorb | return value |
|ap_start    |  in |    1| ap_ctrl_hs | keccak_absorb | return value |
|ap_done     | out |    1| ap_ctrl_hs | keccak_absorb | return value |
|ap_idle     | out |    1| ap_ctrl_hs | keccak_absorb | return value |
|ap_ready    | out |    1| ap_ctrl_hs | keccak_absorb | return value |
|s_address0  | out |    5|  ap_memory |       s       |     array    |
|s_ce0       | out |    1|  ap_memory |       s       |     array    |
|s_we0       | out |    1|  ap_memory |       s       |     array    |
|s_d0        | out |   64|  ap_memory |       s       |     array    |
|s_q0        |  in |   64|  ap_memory |       s       |     array    |
|s_address1  | out |    5|  ap_memory |       s       |     array    |
|s_ce1       | out |    1|  ap_memory |       s       |     array    |
|s_we1       | out |    1|  ap_memory |       s       |     array    |
|s_d1        | out |   64|  ap_memory |       s       |     array    |
|s_q1        |  in |   64|  ap_memory |       s       |     array    |
|m_address0  | out |   12|  ap_memory |       m       |     array    |
|m_ce0       | out |    1|  ap_memory |       m       |     array    |
|m_q0        |  in |    8|  ap_memory |       m       |     array    |
|m_address1  | out |   12|  ap_memory |       m       |     array    |
|m_ce1       | out |    1|  ap_memory |       m       |     array    |
|m_q1        |  in |    8|  ap_memory |       m       |     array    |
|mlen        |  in |   64|   ap_none  |      mlen     |    scalar    |
+------------+-----+-----+------------+---------------+--------------+

