Copyright 1986-2018 Xilinx, Inc. All Rights Reserved.
-----------------------------------------------------------------------------------------------------
| Tool Version : Vivado v.2018.3 (lin64) Build 2405991 Thu Dec  6 23:36:41 MST 2018
| Date         : Tue Apr 13 17:44:39 2021
| Host         : hansolo.poly.edu running 64-bit Red Hat Enterprise Linux Server release 7.8 (Maipo)
| Command      : report_control_sets -verbose -file bd_0_wrapper_control_sets_placed.rpt
| Design       : bd_0_wrapper
| Device       : xc7a75tl
-----------------------------------------------------------------------------------------------------

Control Set Information

Table of Contents
-----------------
1. Summary
2. Histogram
3. Flip-Flop Distribution
4. Detailed Control Set Information

1. Summary
----------

+----------------------------------------------------------+-------+
|                          Status                          | Count |
+----------------------------------------------------------+-------+
| Number of unique control sets                            |    31 |
| Unused register locations in slices containing registers |    35 |
+----------------------------------------------------------+-------+


2. Histogram
------------

+--------+--------------+
| Fanout | Control Sets |
+--------+--------------+
|      1 |            1 |
|      4 |            3 |
|      5 |            2 |
|      7 |            1 |
|      8 |            2 |
|    16+ |           22 |
+--------+--------------+


3. Flip-Flop Distribution
-------------------------

+--------------+-----------------------+------------------------+-----------------+--------------+
| Clock Enable | Synchronous Set/Reset | Asynchronous Set/Reset | Total Registers | Total Slices |
+--------------+-----------------------+------------------------+-----------------+--------------+
| No           | No                    | No                     |               1 |            1 |
| No           | No                    | Yes                    |               0 |            0 |
| No           | Yes                   | No                     |              79 |           37 |
| Yes          | No                    | No                     |            3576 |         1643 |
| Yes          | No                    | Yes                    |               0 |            0 |
| Yes          | Yes                   | No                     |              21 |            7 |
+--------------+-----------------------+------------------------+-----------------+--------------+


4. Detailed Control Set Information
-----------------------------------

+--------------+-------------------------------------------------------------------------------------------------------------------------------+------------------------------------------------------------------+------------------+----------------+
| Clock Signal |                                                         Enable Signal                                                         |                         Set/Reset Signal                         | Slice Load Count | Bel Load Count |
+--------------+-------------------------------------------------------------------------------------------------------------------------------+------------------------------------------------------------------+------------------+----------------+
|  ap_clk      |                                                                                                                               |                                                                  |                1 |              1 |
|  ap_clk      | bd_0_i/hls_inst/U0/grp_keccak_absorb_fu_807/ap_CS_fsm_state15                                                                 |                                                                  |                1 |              4 |
|  ap_clk      | bd_0_i/hls_inst/U0/grp_keccak_absorb_fu_807/ap_CS_fsm_state23                                                                 | bd_0_i/hls_inst/U0/grp_keccak_absorb_fu_807/i_3_reg_569          |                2 |              4 |
|  ap_clk      | bd_0_i/hls_inst/U0/grp_KeccakF1600_StatePer_fu_800/ap_CS_fsm_state17                                                          | bd_0_i/hls_inst/U0/grp_KeccakF1600_StatePer_fu_800/round_reg_733 |                1 |              4 |
|  ap_clk      | bd_0_i/hls_inst/U0/ap_CS_fsm_state5                                                                                           |                                                                  |                2 |              5 |
|  ap_clk      | bd_0_i/hls_inst/U0/ap_CS_fsm_state9                                                                                           | bd_0_i/hls_inst/U0/grp_KeccakF1600_StatePer_fu_800/SR[0]         |                2 |              5 |
|  ap_clk      | bd_0_i/hls_inst/U0/grp_KeccakF1600_StatePer_fu_800/KeccakF_RoundConstan_U/KeccakF1600_StatePer_KeccakF_RoundConstan_rom_U/ce0 |                                                                  |                2 |              7 |
|  ap_clk      | bd_0_i/hls_inst/U0/grp_keccak_absorb_fu_807/invdar_reg_5580                                                                   | bd_0_i/hls_inst/U0/grp_keccak_absorb_fu_807/invdar_reg_558       |                2 |              8 |
|  ap_clk      | bd_0_i/hls_inst/U0/grp_keccak_absorb_fu_807/i_7_1_reg_9970                                                                    |                                                                  |                2 |              8 |
|  ap_clk      | bd_0_i/hls_inst/U0/grp_keccak_absorb_fu_807/ap_CS_fsm_reg[21]_0[1]                                                            |                                                                  |               11 |             16 |
|  ap_clk      | bd_0_i/hls_inst/U0/grp_keccak_absorb_fu_807/ap_CS_fsm_state21                                                                 |                                                                  |               10 |             16 |
|  ap_clk      | bd_0_i/hls_inst/U0/grp_keccak_absorb_fu_807/ap_CS_fsm_state20                                                                 |                                                                  |                9 |             16 |
|  ap_clk      | bd_0_i/hls_inst/U0/grp_keccak_absorb_fu_807/ap_CS_fsm_state18                                                                 |                                                                  |                9 |             16 |
|  ap_clk      | bd_0_i/hls_inst/U0/grp_keccak_absorb_fu_807/ap_CS_fsm_state17                                                                 |                                                                  |                9 |             16 |
|  ap_clk      | bd_0_i/hls_inst/U0/grp_keccak_absorb_fu_807/ap_CS_fsm_state16                                                                 |                                                                  |                8 |             16 |
|  ap_clk      | bd_0_i/hls_inst/U0/ap_CS_fsm_state6                                                                                           |                                                                  |               23 |             53 |
|  ap_clk      | bd_0_i/hls_inst/U0/grp_KeccakF1600_StatePer_fu_800/ap_CS_fsm_state2                                                           |                                                                  |               39 |             64 |
|  ap_clk      |                                                                                                                               | ap_rst                                                           |               37 |             79 |
|  ap_clk      | bd_0_i/hls_inst/U0/grp_KeccakF1600_StatePer_fu_800/ap_CS_fsm_state9                                                           |                                                                  |               64 |            128 |
|  ap_clk      | bd_0_i/hls_inst/U0/grp_KeccakF1600_StatePer_fu_800/ap_CS_fsm_state8                                                           |                                                                  |               66 |            128 |
|  ap_clk      | bd_0_i/hls_inst/U0/grp_KeccakF1600_StatePer_fu_800/ap_CS_fsm_state7                                                           |                                                                  |               56 |            128 |
|  ap_clk      | bd_0_i/hls_inst/U0/grp_KeccakF1600_StatePer_fu_800/ap_CS_fsm_state6                                                           |                                                                  |               60 |            128 |
|  ap_clk      | bd_0_i/hls_inst/U0/grp_KeccakF1600_StatePer_fu_800/ap_CS_fsm_state5                                                           |                                                                  |               66 |            128 |
|  ap_clk      | bd_0_i/hls_inst/U0/grp_KeccakF1600_StatePer_fu_800/ap_CS_fsm_state4                                                           |                                                                  |               59 |            128 |
|  ap_clk      | bd_0_i/hls_inst/U0/grp_KeccakF1600_StatePer_fu_800/ap_CS_fsm_state3                                                           |                                                                  |               55 |            128 |
|  ap_clk      | bd_0_i/hls_inst/U0/grp_KeccakF1600_StatePer_fu_800/ap_CS_fsm_state13                                                          |                                                                  |               70 |            128 |
|  ap_clk      | bd_0_i/hls_inst/U0/grp_KeccakF1600_StatePer_fu_800/ap_CS_fsm_state12                                                          |                                                                  |               70 |            128 |
|  ap_clk      | bd_0_i/hls_inst/U0/grp_KeccakF1600_StatePer_fu_800/ap_CS_fsm_state11                                                          |                                                                  |               62 |            128 |
|  ap_clk      | bd_0_i/hls_inst/U0/grp_KeccakF1600_StatePer_fu_800/ap_CS_fsm_state10                                                          |                                                                  |               68 |            128 |
|  ap_clk      | bd_0_i/hls_inst/U0/grp_KeccakF1600_StatePer_fu_800/ap_CS_fsm_state16                                                          |                                                                  |              183 |            331 |
|  ap_clk      | bd_0_i/hls_inst/U0/grp_KeccakF1600_StatePer_fu_800/Asu1_reg_745                                                               |                                                                  |              639 |           1600 |
+--------------+-------------------------------------------------------------------------------------------------------------------------------+------------------------------------------------------------------+------------------+----------------+


