

================================================================
== Vivado HLS Report for 'pqcrystals_fips202_ref_sha3_256'
================================================================
* Date:           Tue Mar 30 01:40:10 2021

* Version:        2018.3 (Build 2405991 on Thu Dec 06 23:56:15 MST 2018)
* Project:        SHA
* Solution:       solution3
* Product family: virtex7
* Target device:  xc7vx980tffg1930-2l


================================================================
== Performance Estimates
================================================================
+ Timing (ns): 
    * Summary: 
    +--------+-------+----------+------------+
    |  Clock | Target| Estimated| Uncertainty|
    +--------+-------+----------+------------+
    |ap_clk  |  10.00|     8.736|        1.25|
    +--------+-------+----------+------------+

+ Latency (clock cycles): 
    * Summary: 
    +-----+-----+-----+-----+---------+
    |  Latency  |  Interval | Pipeline|
    | min | max | min | max |   Type  |
    +-----+-----+-----+-----+---------+
    |  372|  372|  372|  372|   none  |
    +-----+-----+-----+-----+---------+

    + Detail: 
        * Instance: 
        +---------------------------------+----------------------+-----+-----+-----+-----+----------+
        |                                 |                      |  Latency  |  Interval | Pipeline |
        |             Instance            |        Module        | min | max | min | max |   Type   |
        +---------------------------------+----------------------+-----+-----+-----+-----+----------+
        |grp_KeccakF1600_StatePer_fu_724  |KeccakF1600_StatePer  |    6|    6|    1|    1| function |
        |grp_keccak_absorb_fu_745         |keccak_absorb         |  279|  279|  279|  279|   none   |
        |grp_store64_fu_781               |store64               |    3|    3|    4|    4| function |
        +---------------------------------+----------------------+-----+-----+-----+-----+----------+

        * Loop: 
        N/A



================================================================
== Utilization Estimates
================================================================
* Summary: 
+-----------------+---------+-------+---------+--------+
|       Name      | BRAM_18K| DSP48E|    FF   |   LUT  |
+-----------------+---------+-------+---------+--------+
|DSP              |        -|      -|        -|       -|
|Expression       |        -|      -|        -|       -|
|FIFO             |        -|      -|        -|       -|
|Instance         |        1|      0|    15505|  196478|
|Memory           |        1|      -|        0|       0|
|Multiplexer      |        -|      -|        -|     987|
|Register         |        -|      -|     2208|       -|
+-----------------+---------+-------+---------+--------+
|Total            |        2|      0|    17713|  197465|
+-----------------+---------+-------+---------+--------+
|Available        |     3000|   3600|  1224000|  612000|
+-----------------+---------+-------+---------+--------+
|Utilization (%)  |    ~0   |      0|        1|      32|
+-----------------+---------+-------+---------+--------+

+ Detail: 
    * Instance: 
    +---------------------------------+----------------------+---------+-------+-------+--------+
    |             Instance            |        Module        | BRAM_18K| DSP48E|   FF  |   LUT  |
    +---------------------------------+----------------------+---------+-------+-------+--------+
    |grp_KeccakF1600_StatePer_fu_724  |KeccakF1600_StatePer  |        0|      0|  10624|  190720|
    |grp_keccak_absorb_fu_745         |keccak_absorb         |        1|      0|   4821|    5518|
    |grp_store64_fu_781               |store64               |        0|      0|     60|     240|
    +---------------------------------+----------------------+---------+-------+-------+--------+
    |Total                            |                      |        1|      0|  15505|  196478|
    +---------------------------------+----------------------+---------+-------+-------+--------+

    * DSP48: 
    N/A

    * Memory: 
    +--------------+--------------------------------------------+---------+---+----+------+-----+------+-------------+
    |    Memory    |                   Module                   | BRAM_18K| FF| LUT| Words| Bits| Banks| W*Bits*Banks|
    +--------------+--------------------------------------------+---------+---+----+------+-----+------+-------------+
    |out_assign_U  |pqcrystals_fips202_ref_sha3_256_out_assign  |        1|  0|   0|   136|    8|     1|         1088|
    +--------------+--------------------------------------------+---------+---+----+------+-----+------+-------------+
    |Total         |                                            |        1|  0|   0|   136|    8|     1|         1088|
    +--------------+--------------------------------------------+---------+---+----+------+-----+------+-------------+

    * FIFO: 
    N/A

    * Expression: 
    N/A

    * Multiplexer: 
    +-----------------------------+-----+-----------+-----+-----------+
    |             Name            | LUT | Input Size| Bits| Total Bits|
    +-----------------------------+-----+-----------+-----+-----------+
    |ap_NS_fsm                    |  413|         95|    1|         95|
    |grp_store64_fu_781_u         |   89|         18|   64|       1152|
    |grp_store64_fu_781_x_offset  |   89|         18|    9|        162|
    |h_address0                   |   85|         17|    5|         85|
    |h_address1                   |   85|         17|    5|         85|
    |out_assign_address0          |   89|         18|    8|        144|
    |out_assign_address1          |   89|         18|    8|        144|
    |out_assign_ce0               |   15|          3|    1|          3|
    |out_assign_ce1               |   15|          3|    1|          3|
    |out_assign_we0               |    9|          2|    1|          2|
    |out_assign_we1               |    9|          2|    1|          2|
    +-----------------------------+-----+-----------+-----+-----------+
    |Total                        |  987|        211|  104|       1877|
    +-----------------------------+-----+-----------+-----+-----------+

    * Register: 
    +---------------------------------------+----+----+-----+-----------+
    |                  Name                 | FF | LUT| Bits| Const Bits|
    +---------------------------------------+----+----+-----+-----------+
    |ap_CS_fsm                              |  94|   0|   94|          0|
    |grp_keccak_absorb_fu_745_ap_start_reg  |   1|   0|    1|          0|
    |grp_store64_fu_781_ap_start_reg        |   1|   0|    1|          0|
    |newret11_i_reg_1052                    |  64|   0|   64|          0|
    |newret13_i_reg_1057                    |  64|   0|   64|          0|
    |newret15_i_reg_1062                    |  64|   0|   64|          0|
    |newret17_i_reg_1067                    |  64|   0|   64|          0|
    |newret18_i_reg_1072                    |  64|   0|   64|          0|
    |newret19_i_reg_1077                    |  64|   0|   64|          0|
    |newret1_i_reg_1027                     |  64|   0|   64|          0|
    |newret20_i_reg_1082                    |  64|   0|   64|          0|
    |newret21_i_reg_1087                    |  64|   0|   64|          0|
    |newret22_i_reg_1092                    |  64|   0|   64|          0|
    |newret23_i_reg_1097                    |  64|   0|   64|          0|
    |newret24_i_reg_1102                    |  64|   0|   64|          0|
    |newret3_i_reg_1032                     |  64|   0|   64|          0|
    |newret5_i_reg_1037                     |  64|   0|   64|          0|
    |newret7_i_reg_1042                     |  64|   0|   64|          0|
    |newret9_i_reg_1047                     |  64|   0|   64|          0|
    |s_0_reg_942                            |  64|   0|   64|          0|
    |s_10_reg_992                           |  64|   0|   64|          0|
    |s_11_reg_997                           |  64|   0|   64|          0|
    |s_12_reg_1002                          |  64|   0|   64|          0|
    |s_13_reg_1007                          |  64|   0|   64|          0|
    |s_14_reg_1012                          |  64|   0|   64|          0|
    |s_15_reg_1017                          |  64|   0|   64|          0|
    |s_16_reg_1022                          |  64|   0|   64|          0|
    |s_1_reg_947                            |  64|   0|   64|          0|
    |s_2_reg_952                            |  64|   0|   64|          0|
    |s_3_reg_957                            |  64|   0|   64|          0|
    |s_4_reg_962                            |  64|   0|   64|          0|
    |s_5_reg_967                            |  64|   0|   64|          0|
    |s_6_reg_972                            |  64|   0|   64|          0|
    |s_7_reg_977                            |  64|   0|   64|          0|
    |s_8_reg_982                            |  64|   0|   64|          0|
    |s_9_reg_987                            |  64|   0|   64|          0|
    +---------------------------------------+----+----+-----+-----------+
    |Total                                  |2208|   0| 2208|          0|
    +---------------------------------------+----+----+-----+-----------+



================================================================
== Interface
================================================================
* Summary: 
+---------------+-----+-----+------------+---------------------------------+--------------+
|   RTL Ports   | Dir | Bits|  Protocol  |          Source Object          |    C Type    |
+---------------+-----+-----+------------+---------------------------------+--------------+
|ap_clk         |  in |    1| ap_ctrl_hs | pqcrystals_fips202_ref_sha3_256 | return value |
|ap_rst         |  in |    1| ap_ctrl_hs | pqcrystals_fips202_ref_sha3_256 | return value |
|ap_start       |  in |    1| ap_ctrl_hs | pqcrystals_fips202_ref_sha3_256 | return value |
|ap_done        | out |    1| ap_ctrl_hs | pqcrystals_fips202_ref_sha3_256 | return value |
|ap_idle        | out |    1| ap_ctrl_hs | pqcrystals_fips202_ref_sha3_256 | return value |
|ap_ready       | out |    1| ap_ctrl_hs | pqcrystals_fips202_ref_sha3_256 | return value |
|h_address0     | out |    5|  ap_memory |                h                |     array    |
|h_ce0          | out |    1|  ap_memory |                h                |     array    |
|h_we0          | out |    1|  ap_memory |                h                |     array    |
|h_d0           | out |    8|  ap_memory |                h                |     array    |
|h_address1     | out |    5|  ap_memory |                h                |     array    |
|h_ce1          | out |    1|  ap_memory |                h                |     array    |
|h_we1          | out |    1|  ap_memory |                h                |     array    |
|h_d1           | out |    8|  ap_memory |                h                |     array    |
|in_r_address0  | out |    2|  ap_memory |               in_r              |     array    |
|in_r_ce0       | out |    1|  ap_memory |               in_r              |     array    |
|in_r_q0        |  in |    8|  ap_memory |               in_r              |     array    |
|in_r_address1  | out |    2|  ap_memory |               in_r              |     array    |
|in_r_ce1       | out |    1|  ap_memory |               in_r              |     array    |
|in_r_q1        |  in |    8|  ap_memory |               in_r              |     array    |
|inlen          |  in |   64|   ap_none  |              inlen              |    scalar    |
+---------------+-----+-----+------------+---------------------------------+--------------+

