

================================================================
== Vivado HLS Report for 'keccak_absorb'
================================================================
* Date:           Mon Apr 19 02:25:42 2021

* Version:        2018.3 (Build 2405991 on Thu Dec 06 23:56:15 MST 2018)
* Project:        SHA
* Solution:       NDT_c_mod
* Product family: artix7l
* Target device:  xc7a75tlftg256-2l


================================================================
== Performance Estimates
================================================================
+ Timing (ns): 
    * Summary: 
    +--------+-------+----------+------------+
    |  Clock | Target| Estimated| Uncertainty|
    +--------+-------+----------+------------+
    |ap_clk  |  15.00|     9.920|        1.88|
    +--------+-------+----------+------------+

+ Latency (clock cycles): 
    * Summary: 
    +-----+-----+-----+-----+---------+
    |  Latency  |  Interval | Pipeline|
    | min | max | min | max |   Type  |
    +-----+-----+-----+-----+---------+
    |    ?|    ?|    ?|    ?|   none  |
    +-----+-----+-----+-----+---------+

    + Detail: 
        * Instance: 
        +---------------------------------+----------------------+-----+-----+-----+-----+---------+
        |                                 |                      |  Latency  |  Interval | Pipeline|
        |             Instance            |        Module        | min | max | min | max |   Type  |
        +---------------------------------+----------------------+-----+-----+-----+-----+---------+
        |grp_KeccakF1600_StatePer_fu_693  |KeccakF1600_StatePer  |   39|   39|   39|   39|   none  |
        +---------------------------------+----------------------+-----+-----+-----+-----+---------+

        * Loop: 
        +------------------------+-----+-----+----------+-----------+-----------+------+----------+
        |                        |  Latency  | Iteration|  Initiation Interval  | Trip |          |
        |        Loop Name       | min | max |  Latency |  achieved |   target  | Count| Pipelined|
        +------------------------+-----+-----+----------+-----------+-----------+------+----------+
        |- memset_t              |  199|  199|         1|          -|          -|   200|    no    |
        |- keccak_absorb_label0  |   85|   85|         5|          -|          -|    17|    no    |
        |- keccak_absorb_label4  |    ?|    ?|         2|          -|          -|     ?|    no    |
        |- keccak_absorb_label5  |   81|   85|         9|          -|          -|     9|    no    |
        +------------------------+-----+-----+----------+-----------+-----------+------+----------+



================================================================
== Utilization Estimates
================================================================
* Summary: 
+-----------------+---------+-------+-------+-------+
|       Name      | BRAM_18K| DSP48E|   FF  |  LUT  |
+-----------------+---------+-------+-------+-------+
|DSP              |        -|      -|      -|      -|
|Expression       |        -|      -|      0|    795|
|FIFO             |        -|      -|      -|      -|
|Instance         |        2|      -|   3108|  18685|
|Memory           |        1|      -|      0|      0|
|Multiplexer      |        -|      -|      -|    688|
|Register         |        -|      -|    328|      -|
+-----------------+---------+-------+-------+-------+
|Total            |        3|      0|   3436|  20168|
+-----------------+---------+-------+-------+-------+
|Available        |      210|    180|  94400|  47200|
+-----------------+---------+-------+-------+-------+
|Utilization (%)  |        1|      0|      3|     42|
+-----------------+---------+-------+-------+-------+

+ Detail: 
    * Instance: 
    +---------------------------------+----------------------+---------+-------+------+-------+
    |             Instance            |        Module        | BRAM_18K| DSP48E|  FF  |  LUT  |
    +---------------------------------+----------------------+---------+-------+------+-------+
    |grp_KeccakF1600_StatePer_fu_693  |KeccakF1600_StatePer  |        2|      0|  3108|  18685|
    +---------------------------------+----------------------+---------+-------+------+-------+
    |Total                            |                      |        2|      0|  3108|  18685|
    +---------------------------------+----------------------+---------+-------+------+-------+

    * DSP48: 
    N/A

    * Memory: 
    +-------+-----------------+---------+---+----+------+-----+------+-------------+
    | Memory|      Module     | BRAM_18K| FF| LUT| Words| Bits| Banks| W*Bits*Banks|
    +-------+-----------------+---------+---+----+------+-----+------+-------------+
    |t_U    |keccak_absorb_t  |        1|  0|   0|   200|    8|     1|         1600|
    +-------+-----------------+---------+---+----+------+-----+------+-------------+
    |Total  |                 |        1|  0|   0|   200|    8|     1|         1600|
    +-------+-----------------+---------+---+----+------+-----+------+-------------+

    * FIFO: 
    N/A

    * Expression: 
    +----------------------------------+----------+-------+---+----+------------+------------+
    |           Variable Name          | Operation| DSP48E| FF| LUT| Bitwidth P0| Bitwidth P1|
    +----------------------------------+----------+-------+---+----+------------+------------+
    |i_6_fu_738_p2                     |     +    |      0|  0|  15|           5|           1|
    |i_7_1_fu_1053_p2                  |     +    |      0|  0|  15|           5|           2|
    |indvarinc_fu_701_p2               |     +    |      0|  0|  15|           8|           1|
    |mlen_assign_fu_849_p2             |     +    |      0|  0|  71|          64|           9|
    |sum9_fu_879_p2                    |     +    |      0|  0|  16|           9|           9|
    |tmp_4_fu_873_p2                   |     +    |      0|  0|  15|           8|           1|
    |ap_block_state20_on_subcall_done  |    and   |      0|  0|   8|           1|           1|
    |exitcond_fu_867_p2                |   icmp   |      0|  0|  29|          64|          64|
    |tmp_15_1_fu_1023_p2               |   icmp   |      0|  0|  11|           5|           5|
    |tmp_6_fu_901_p2                   |   icmp   |      0|  0|  11|           5|           5|
    |tmp_8_fu_721_p2                   |   icmp   |      0|  0|  11|           8|           8|
    |tmp_9_fu_732_p2                   |   icmp   |      0|  0|  11|           5|           5|
    |tmp_s_fu_712_p2                   |   icmp   |      0|  0|  11|           8|           7|
    |i_7_s_fu_1012_p2                  |    or    |      0|  0|  12|           5|           1|
    |sum_1_i1_fu_920_p2                |    or    |      0|  0|  15|           8|           1|
    |sum_1_i2_fu_1042_p2               |    or    |      0|  0|  15|           8|           1|
    |sum_1_i_fu_757_p2                 |    or    |      0|  0|  15|           8|           1|
    |sum_2_i1_fu_931_p2                |    or    |      0|  0|  15|           8|           2|
    |sum_2_i2_fu_1059_p2               |    or    |      0|  0|  15|           8|           2|
    |sum_2_i_fu_768_p2                 |    or    |      0|  0|  15|           8|           2|
    |sum_3_i1_fu_941_p2                |    or    |      0|  0|  15|           8|           2|
    |sum_3_i2_fu_1069_p2               |    or    |      0|  0|  15|           8|           2|
    |sum_3_i_fu_778_p2                 |    or    |      0|  0|  15|           8|           2|
    |sum_4_i1_fu_951_p2                |    or    |      0|  0|  15|           8|           3|
    |sum_4_i2_fu_1079_p2               |    or    |      0|  0|  15|           8|           3|
    |sum_4_i_fu_788_p2                 |    or    |      0|  0|  15|           8|           3|
    |sum_5_i1_fu_961_p2                |    or    |      0|  0|  15|           8|           3|
    |sum_5_i2_fu_1089_p2               |    or    |      0|  0|  15|           8|           3|
    |sum_5_i_fu_798_p2                 |    or    |      0|  0|  15|           8|           3|
    |sum_6_i1_fu_971_p2                |    or    |      0|  0|  15|           8|           3|
    |sum_6_i2_fu_1099_p2               |    or    |      0|  0|  15|           8|           3|
    |sum_6_i_fu_808_p2                 |    or    |      0|  0|  15|           8|           3|
    |sum_7_i1_fu_981_p2                |    or    |      0|  0|  15|           8|           3|
    |sum_7_i2_fu_1109_p2               |    or    |      0|  0|  15|           8|           3|
    |sum_7_i_fu_818_p2                 |    or    |      0|  0|  15|           8|           3|
    |tmp_1_fu_889_p2                   |    or    |      0|  0|  16|           8|           9|
    |tmp_10_fu_1005_p2                 |    xor   |      0|  0|  71|          64|          64|
    |tmp_18_1_fu_1133_p2               |    xor   |      0|  0|  71|          64|          64|
    |tmp_5_fu_842_p2                   |    xor   |      0|  0|  71|          64|          64|
    +----------------------------------+----------+-------+---+----+------------+------------+
    |Total                             |          |      0|  0| 795|         568|         371|
    +----------------------------------+----------+-------+---+----+------------+------------+

    * Multiplexer: 
    +----------------------------------------+-----+-----------+-----+-----------+
    |                  Name                  | LUT | Input Size| Bits| Total Bits|
    +----------------------------------------+-----+-----------+-----+-----------+
    |ap_NS_fsm                               |  153|         34|    1|         34|
    |ap_phi_mux_p_0_rec_lcssa_phi_fu_651_p4  |    9|          2|    2|          4|
    |i_1_reg_636                             |    9|          2|    5|         10|
    |i_2_reg_670                             |    9|          2|    8|         16|
    |i_3_reg_681                             |    9|          2|    5|         10|
    |i_5_lcssa_reg_659                       |    9|          2|   64|        128|
    |invdar_reg_625                          |    9|          2|    8|         16|
    |m_address0                              |   33|          6|   12|         72|
    |m_address1                              |   27|          5|   12|         60|
    |p_0_rec_lcssa_reg_647                   |    9|          2|    2|          4|
    |s_address0                              |   89|         18|    5|         90|
    |s_address1                              |   85|         17|    5|         85|
    |s_ce0                                   |   15|          3|    1|          3|
    |s_ce1                                   |   15|          3|    1|          3|
    |s_d0                                    |   33|          6|   64|        384|
    |s_d1                                    |   15|          3|   64|        192|
    |s_we0                                   |   15|          3|    1|          3|
    |s_we1                                   |   15|          3|    1|          3|
    |t_address0                              |   59|         14|    8|        112|
    |t_address1                              |   44|          9|    8|         72|
    |t_d0                                    |   27|          5|    8|         40|
    +----------------------------------------+-----+-----------+-----+-----------+
    |Total                                   |  688|        143|  285|       1341|
    +----------------------------------------+-----+-----------+-----+-----------+

    * Register: 
    +----------------------------------------------+----+----+-----+-----------+
    |                     Name                     | FF | LUT| Bits| Const Bits|
    +----------------------------------------------+----+----+-----+-----------+
    |ap_CS_fsm                                     |  33|   0|   33|          0|
    |grp_KeccakF1600_StatePer_fu_693_ap_start_reg  |   1|   0|    1|          0|
    |i_1_reg_636                                   |   5|   0|    5|          0|
    |i_2_cast_reg_1258                             |   8|   0|   64|         56|
    |i_2_reg_670                                   |   8|   0|    8|          0|
    |i_3_reg_681                                   |   5|   0|    5|          0|
    |i_5_lcssa_reg_659                             |  64|   0|   64|          0|
    |i_6_reg_1162                                  |   5|   0|    5|          0|
    |i_7_1_reg_1400                                |   5|   0|    5|          0|
    |invdar_reg_625                                |   8|   0|    8|          0|
    |m_load_1_reg_1193                             |   8|   0|    8|          0|
    |m_load_2_reg_1198                             |   8|   0|    8|          0|
    |m_load_3_reg_1213                             |   8|   0|    8|          0|
    |m_load_4_reg_1218                             |   8|   0|    8|          0|
    |m_load_5_reg_1233                             |   8|   0|    8|          0|
    |m_load_6_reg_1238                             |   8|   0|    8|          0|
    |p_0_rec_lcssa_cast_ca_reg_1253                |   2|   0|    9|          7|
    |p_0_rec_lcssa_reg_647                         |   2|   0|    8|          6|
    |s_addr_25_reg_1187                            |   5|   0|    5|          0|
    |s_addr_26_reg_1305                            |   5|   0|    5|          0|
    |s_addr_27_reg_1394                            |   4|   0|    5|          1|
    |t_load_10_reg_1410                            |   8|   0|    8|          0|
    |t_load_11_reg_1425                            |   8|   0|    8|          0|
    |t_load_12_reg_1430                            |   8|   0|    8|          0|
    |t_load_13_reg_1445                            |   8|   0|    8|          0|
    |t_load_14_reg_1450                            |   8|   0|    8|          0|
    |t_load_1_reg_1311                             |   8|   0|    8|          0|
    |t_load_2_reg_1316                             |   8|   0|    8|          0|
    |t_load_3_reg_1331                             |   8|   0|    8|          0|
    |t_load_4_reg_1336                             |   8|   0|    8|          0|
    |t_load_5_reg_1351                             |   8|   0|    8|          0|
    |t_load_6_reg_1356                             |   8|   0|    8|          0|
    |t_load_9_reg_1405                             |   8|   0|    8|          0|
    |tmp_16_1_reg_1374                             |   4|   0|    8|          4|
    |tmp_3_reg_1167                                |   5|   0|    8|          3|
    |tmp_4_reg_1266                                |   8|   0|    8|          0|
    |tmp_6_reg_1281                                |   1|   0|    1|          0|
    |tmp_7_reg_1285                                |   5|   0|    8|          3|
    |tmp_8_reg_1155                                |   1|   0|    1|          0|
    +----------------------------------------------+----+----+-----+-----------+
    |Total                                         | 328|   0|  408|         80|
    +----------------------------------------------+----+----+-----+-----------+



================================================================
== Interface
================================================================
* Summary: 
+------------+-----+-----+------------+---------------+--------------+
|  RTL Ports | Dir | Bits|  Protocol  | Source Object |    C Type    |
+------------+-----+-----+------------+---------------+--------------+
|ap_clk      |  in |    1| ap_ctrl_hs | keccak_absorb | return value |
|ap_rst      |  in |    1| ap_ctrl_hs | keccak_absorb | return value |
|ap_start    |  in |    1| ap_ctrl_hs | keccak_absorb | return value |
|ap_done     | out |    1| ap_ctrl_hs | keccak_absorb | return value |
|ap_idle     | out |    1| ap_ctrl_hs | keccak_absorb | return value |
|ap_ready    | out |    1| ap_ctrl_hs | keccak_absorb | return value |
|s_address0  | out |    5|  ap_memory |       s       |     array    |
|s_ce0       | out |    1|  ap_memory |       s       |     array    |
|s_we0       | out |    1|  ap_memory |       s       |     array    |
|s_d0        | out |   64|  ap_memory |       s       |     array    |
|s_q0        |  in |   64|  ap_memory |       s       |     array    |
|s_address1  | out |    5|  ap_memory |       s       |     array    |
|s_ce1       | out |    1|  ap_memory |       s       |     array    |
|s_we1       | out |    1|  ap_memory |       s       |     array    |
|s_d1        | out |   64|  ap_memory |       s       |     array    |
|s_q1        |  in |   64|  ap_memory |       s       |     array    |
|m_address0  | out |   12|  ap_memory |       m       |     array    |
|m_ce0       | out |    1|  ap_memory |       m       |     array    |
|m_q0        |  in |    8|  ap_memory |       m       |     array    |
|m_address1  | out |   12|  ap_memory |       m       |     array    |
|m_ce1       | out |    1|  ap_memory |       m       |     array    |
|m_q1        |  in |    8|  ap_memory |       m       |     array    |
|mlen        |  in |   64|   ap_none  |      mlen     |    scalar    |
+------------+-----+-----+------------+---------------+--------------+

